Archive member included to satisfy reference by file (symbol)

/doc/RIOT/tests/leds/bin/cc2538dk/core.a(sched.o)
                              /doc/RIOT/tests/leds/bin/cc2538dk/newlib_syscalls_default/syscalls.o (sched_active_pid)
/doc/RIOT/tests/leds/bin/cc2538dk/cortexm_common.a(thread_arch.o)
                              /doc/RIOT/tests/leds/bin/cc2538dk/core.a(sched.o) (cpu_switch_context_exit)
/doc/RIOT/tests/leds/bin/cc2538dk/cortexm_common.a(vectors_cortexm.o)
                              /doc/RIOT/tests/leds/bin/cc2538dk/cpu/vectors.o (dummy_handler_default)
/doc/RIOT/tests/leds/bin/cc2538dk/cortexm_common.a(irq_arch.o)
                              /doc/RIOT/tests/leds/bin/cc2538dk/newlib_syscalls_default/syscalls.o (irq_disable)
/doc/RIOT/tests/leds/bin/cc2538dk/stdio_uart.a(stdio_uart.o)
                              /doc/RIOT/tests/leds/bin/cc2538dk/newlib_syscalls_default/syscalls.o (stdio_init)
/doc/RIOT/tests/leds/bin/cc2538dk/periph_common.a(pm.o)
                              /doc/RIOT/tests/leds/bin/cc2538dk/newlib_syscalls_default/syscalls.o (pm_off)
/doc/RIOT/tests/leds/bin/cc2538dk/board.a(board.o)
                              /doc/RIOT/tests/leds/bin/cc2538dk/cortexm_common.a(vectors_cortexm.o) (board_init)
/doc/RIOT/tests/leds/bin/cc2538dk/core.a(panic.o)
                              /doc/RIOT/tests/leds/bin/cc2538dk/cortexm_common.a(vectors_cortexm.o) (core_panic)
/doc/RIOT/tests/leds/bin/cc2538dk/core.a(kernel_init.o)
                              /doc/RIOT/tests/leds/bin/cc2538dk/cortexm_common.a(vectors_cortexm.o) (kernel_init)
/doc/RIOT/tests/leds/bin/cc2538dk/core.a(thread.o)
                              /doc/RIOT/tests/leds/bin/cc2538dk/core.a(kernel_init.o) (thread_create)
/doc/RIOT/tests/leds/bin/cc2538dk/cpu.a(cpu.o)
                              /doc/RIOT/tests/leds/bin/cc2538dk/board.a(board.o) (cpu_init)
/doc/RIOT/tests/leds/bin/cc2538dk/periph.a(uart.o)
                              /doc/RIOT/tests/leds/bin/cc2538dk/stdio_uart.a(stdio_uart.o) (uart_init)
/doc/RIOT/tests/leds/bin/cc2538dk/periph.a(pm.o)
                              /doc/RIOT/tests/leds/bin/cc2538dk/core.a(kernel_init.o) (pm_set_lowest)
/doc/RIOT/tests/leds/bin/cc2538dk/periph.a(gpio.o)
                              /doc/RIOT/tests/leds/bin/cc2538dk/board.a(board.o) (gpio_init)
/doc/RIOT/tests/leds/bin/cc2538dk/periph_common.a(init.o)
                              /doc/RIOT/tests/leds/bin/cc2538dk/cpu.a(cpu.o) (periph_init)
/doc/RIOT/tests/leds/bin/cc2538dk/application_tests_leds.a(main.o)
                              /doc/RIOT/tests/leds/bin/cc2538dk/core.a(kernel_init.o) (main)
/doc/RIOT/tests/leds/bin/cc2538dk/auto_init.a(auto_init.o)
                              /doc/RIOT/tests/leds/bin/cc2538dk/core.a(kernel_init.o) (auto_init)
/doc/RIOT/tests/leds/bin/cc2538dk/cortexm_common.a(cortexm_init.o)
                              /doc/RIOT/tests/leds/bin/cc2538dk/cpu.a(cpu.o) (cortexm_init)
/opt/gcc-arm-none-eabi-7-2018-q2-update/bin/../lib/gcc/arm-none-eabi/7.3.1/../../../../arm-none-eabi/lib/thumb/v7-m/libc_nano.a(lib_a-errno.o)
                              /doc/RIOT/tests/leds/bin/cc2538dk/newlib_syscalls_default/syscalls.o (__errno)
/opt/gcc-arm-none-eabi-7-2018-q2-update/bin/../lib/gcc/arm-none-eabi/7.3.1/../../../../arm-none-eabi/lib/thumb/v7-m/libc_nano.a(lib_a-impure.o)
                              /opt/gcc-arm-none-eabi-7-2018-q2-update/bin/../lib/gcc/arm-none-eabi/7.3.1/../../../../arm-none-eabi/lib/thumb/v7-m/libc_nano.a(lib_a-errno.o) (_impure_ptr)
/opt/gcc-arm-none-eabi-7-2018-q2-update/bin/../lib/gcc/arm-none-eabi/7.3.1/../../../../arm-none-eabi/lib/thumb/v7-m/libc_nano.a(lib_a-init.o)
                              /doc/RIOT/tests/leds/bin/cc2538dk/cortexm_common.a(vectors_cortexm.o) (__libc_init_array)
/opt/gcc-arm-none-eabi-7-2018-q2-update/bin/../lib/gcc/arm-none-eabi/7.3.1/../../../../arm-none-eabi/lib/thumb/v7-m/libc_nano.a(lib_a-printf.o)
                              /doc/RIOT/tests/leds/bin/cc2538dk/newlib_syscalls_default/syscalls.o (printf)
/opt/gcc-arm-none-eabi-7-2018-q2-update/bin/../lib/gcc/arm-none-eabi/7.3.1/../../../../arm-none-eabi/lib/thumb/v7-m/libc_nano.a(lib_a-puts.o)
                              /doc/RIOT/tests/leds/bin/cc2538dk/cortexm_common.a(vectors_cortexm.o) (puts)
/opt/gcc-arm-none-eabi-7-2018-q2-update/bin/../lib/gcc/arm-none-eabi/7.3.1/../../../../arm-none-eabi/lib/thumb/v7-m/libc_nano.a(lib_a-wbuf.o)
                              /opt/gcc-arm-none-eabi-7-2018-q2-update/bin/../lib/gcc/arm-none-eabi/7.3.1/../../../../arm-none-eabi/lib/thumb/v7-m/libc_nano.a(lib_a-puts.o) (__swbuf_r)
/opt/gcc-arm-none-eabi-7-2018-q2-update/bin/../lib/gcc/arm-none-eabi/7.3.1/../../../../arm-none-eabi/lib/thumb/v7-m/libc_nano.a(lib_a-wsetup.o)
                              /opt/gcc-arm-none-eabi-7-2018-q2-update/bin/../lib/gcc/arm-none-eabi/7.3.1/../../../../arm-none-eabi/lib/thumb/v7-m/libc_nano.a(lib_a-puts.o) (__swsetup_r)
[...]
Memory Configuration

Name             Origin             Length             Attributes
rom              0x0000000000200000 0x000000000007ffd4 xr
cca              0x000000000027ffd4 0x000000000000002c
sram0            0x0000000020000000 0x0000000000004000
sram1            0x0000000020004000 0x0000000000004000
ram              0x0000000020000000 0x0000000000008000 w !xr
*default*        0x0000000000000000 0xffffffffffffffff

Linker script and memory map

LOAD /doc/RIOT/tests/leds/bin/cc2538dk/cpu/vectors.o
LOAD /doc/RIOT/tests/leds/bin/cc2538dk/newlib_syscalls_default/syscalls.o
START GROUP
LOAD /doc/RIOT/tests/leds/bin/cc2538dk/application_tests_leds.a
LOAD /doc/RIOT/tests/leds/bin/cc2538dk/auto_init.a
LOAD /doc/RIOT/tests/leds/bin/cc2538dk/board.a
LOAD /doc/RIOT/tests/leds/bin/cc2538dk/core.a
LOAD /doc/RIOT/tests/leds/bin/cc2538dk/cortexm_common.a
LOAD /doc/RIOT/tests/leds/bin/cc2538dk/cortexm_common_periph.a
LOAD /doc/RIOT/tests/leds/bin/cc2538dk/cpu.a
LOAD /doc/RIOT/tests/leds/bin/cc2538dk/newlib_syscalls_default.a
LOAD /doc/RIOT/tests/leds/bin/cc2538dk/periph.a
LOAD /doc/RIOT/tests/leds/bin/cc2538dk/stdio_uart.a
LOAD /doc/RIOT/tests/leds/bin/cc2538dk/sys.a
LOAD /doc/RIOT/tests/leds/bin/cc2538dk/periph_common.a
LOAD /opt/gcc-arm-none-eabi-7-2018-q2-update/bin/../lib/gcc/arm-none-eabi/7.3.1/../../../../arm-none-eabi/lib/thumb/v7-m/libm.a
END GROUP
LOAD /opt/gcc-arm-none-eabi-7-2018-q2-update/bin/../lib/gcc/arm-none-eabi/7.3.1/thumb/v7-m/libgcc.a
LOAD /opt/gcc-arm-none-eabi-7-2018-q2-update/bin/../lib/gcc/arm-none-eabi/7.3.1/../../../../arm-none-eabi/lib/thumb/v7-m/libc_nano.a
START GROUP
LOAD /opt/gcc-arm-none-eabi-7-2018-q2-update/bin/../lib/gcc/arm-none-eabi/7.3.1/thumb/v7-m/libgcc.a
LOAD /opt/gcc-arm-none-eabi-7-2018-q2-update/bin/../lib/gcc/arm-none-eabi/7.3.1/../../../../arm-none-eabi/lib/thumb/v7-m/libg_nano.a
LOAD /opt/gcc-arm-none-eabi-7-2018-q2-update/bin/../lib/gcc/arm-none-eabi/7.3.1/../../../../arm-none-eabi/lib/thumb/v7-m/libc_nano.a
END GROUP
START GROUP
LOAD /opt/gcc-arm-none-eabi-7-2018-q2-update/bin/../lib/gcc/arm-none-eabi/7.3.1/thumb/v7-m/libgcc.a
LOAD /opt/gcc-arm-none-eabi-7-2018-q2-update/bin/../lib/gcc/arm-none-eabi/7.3.1/../../../../arm-none-eabi/lib/thumb/v7-m/libc_nano.a
END GROUP

.flashcca       0x000000000027ffd4       0x2c
 *(.flashcca)
 .flashcca      0x000000000027ffd4       0x2c /doc/RIOT/tests/leds/bin/cc2538dk/cpu/vectors.o
                0x000000000027ffd4                cca

.text           0x0000000000200000     0x2078
                0x0000000000200000                . = ALIGN (0x4)
                0x0000000000200000                _sfixed = .
                0x0000000000200000                _isr_vectors = DEFINED (_isr_vectors)?_isr_vectors:.
 *(SORT_BY_NAME(.vectors*))
 .vectors.0     0x0000000000200000       0x40 /doc/RIOT/tests/leds/bin/cc2538dk/cortexm_common.a(vectors_cortexm.o)
                0x0000000000200000                cortex_vector_base
 .vectors.1     0x0000000000200040      0x24c /doc/RIOT/tests/leds/bin/cc2538dk/cpu/vectors.o
                0x0000000000200040                vector_cpu
 *(.text .text.* .gnu.linkonce.t.*)
 .text.dummy_handler
                0x000000000020028c        0x4 /doc/RIOT/tests/leds/bin/cc2538dk/cpu/vectors.o
                0x000000000020028c                isr_ssi1
                0x000000000020028c                isr_icepick
                0x000000000020028c                isr_timer0_chan1
                0x000000000020028c                isr_timer2_chan0
                0x000000000020028c                isr_watchdog
                0x000000000020028c                isr_timer1_chan0
                0x000000000020028c                isr_pka
                0x000000000020028c                isr_rfcoreerr
                0x000000000020028c                isr_gpioa
                0x000000000020028c                isr_gpiob
                0x000000000020028c                isr_timer0_chan0
                0x000000000020028c                dummy_handler
                0x000000000020028c                isr_timer3_chan0
                0x000000000020028c                isr_mactimer
                0x000000000020028c                isr_uart1
                0x000000000020028c                isr_adc
                0x000000000020028c                isr_aes
                0x000000000020028c                isr_gpioc
                0x000000000020028c                isr_timer2_chan1
                0x000000000020028c                isr_rfcorerxtx
                0x000000000020028c                isr_comp
                0x000000000020028c                isr_flash
                0x000000000020028c                isr_i2c
                0x000000000020028c                isr_usb
                0x000000000020028c                isr_dma
                0x000000000020028c                isr_ssi0
                0x000000000020028c                isr_timer3_chan1
                0x000000000020028c                isr_timer1_chan1
                0x000000000020028c                isr_gpiod
                0x000000000020028c                isr_sleepmode
                0x000000000020028c                isr_dmaerr
 .text._init    0x0000000000200290        0x4 /doc/RIOT/tests/leds/bin/cc2538dk/newlib_syscalls_default/syscalls.o
                0x0000000000200290                _init
 .text._fini    0x0000000000200294        0x2 /doc/RIOT/tests/leds/bin/cc2538dk/newlib_syscalls_default/syscalls.o
                0x0000000000200294                _fini
 *fill*         0x0000000000200296        0x2 
 .text._sbrk_r  0x0000000000200298       0x3c /doc/RIOT/tests/leds/bin/cc2538dk/newlib_syscalls_default/syscalls.o
                0x0000000000200298                _sbrk_r
 .text._read_r  0x00000000002002d4        0x8 /doc/RIOT/tests/leds/bin/cc2538dk/newlib_syscalls_default/syscalls.o
                0x00000000002002d4                _read_r
 .text._write_r
                0x00000000002002dc        0x8 /doc/RIOT/tests/leds/bin/cc2538dk/newlib_syscalls_default/syscalls.o
                0x00000000002002dc                _write_r
 .text._close_r
                0x00000000002002e4        0xa /doc/RIOT/tests/leds/bin/cc2538dk/newlib_syscalls_default/syscalls.o
                0x00000000002002e4                _close_r
 .text._lseek_r
                0x00000000002002ee        0xa /doc/RIOT/tests/leds/bin/cc2538dk/newlib_syscalls_default/syscalls.o
                0x00000000002002ee                _lseek_r
 .text._fstat_r
                0x00000000002002f8        0xa /doc/RIOT/tests/leds/bin/cc2538dk/newlib_syscalls_default/syscalls.o
                0x00000000002002f8                _fstat_r
 .text._isatty_r
                0x0000000000200302        0xe /doc/RIOT/tests/leds/bin/cc2538dk/newlib_syscalls_default/syscalls.o
                0x0000000000200302                _isatty_r
 .text.sched_run
                0x0000000000200310       0x64 /doc/RIOT/tests/leds/bin/cc2538dk/core.a(sched.o)
                0x0000000000200310                sched_run
 .text.sched_set_status
                0x0000000000200374       0x80 /doc/RIOT/tests/leds/bin/cc2538dk/core.a(sched.o)
                0x0000000000200374                sched_set_status
 .text.sched_switch
                0x00000000002003f4       0x30 /doc/RIOT/tests/leds/bin/cc2538dk/core.a(sched.o)
                0x00000000002003f4                sched_switch
 .text.sched_task_exit
                0x0000000000200424       0x3c /doc/RIOT/tests/leds/bin/cc2538dk/core.a(sched.o)
                0x0000000000200424                sched_task_exit
 .text.thread_stack_init
                0x0000000000200460       0x64 /doc/RIOT/tests/leds/bin/cc2538dk/cortexm_common.a(thread_arch.o)
                0x0000000000200460                thread_stack_init
 .text.cpu_switch_context_exit
                0x00000000002004c4        0x8 /doc/RIOT/tests/leds/bin/cc2538dk/cortexm_common.a(thread_arch.o)
                0x00000000002004c4                cpu_switch_context_exit
 .text.thread_yield_higher
                0x00000000002004cc       0x10 /doc/RIOT/tests/leds/bin/cc2538dk/cortexm_common.a(thread_arch.o)
                0x00000000002004cc                thread_yield_higher
 .text.isr_pendsv
                0x00000000002004dc       0x1c /doc/RIOT/tests/leds/bin/cc2538dk/cortexm_common.a(thread_arch.o)
                0x00000000002004dc                isr_pendsv
 .text.isr_svc  0x00000000002004f8       0x1c /doc/RIOT/tests/leds/bin/cc2538dk/cortexm_common.a(thread_arch.o)
                0x00000000002004f8                isr_svc
 .text.hard_fault_default
                0x0000000000200514       0x44 /doc/RIOT/tests/leds/bin/cc2538dk/cortexm_common.a(vectors_cortexm.o)
                0x0000000000200514                hard_fault_default
 .text.nmi_default
                0x0000000000200558       0x10 /doc/RIOT/tests/leds/bin/cc2538dk/cortexm_common.a(vectors_cortexm.o)
                0x0000000000200558                nmi_default
 .text.mem_manage_default
                0x0000000000200568       0x10 /doc/RIOT/tests/leds/bin/cc2538dk/cortexm_common.a(vectors_cortexm.o)
                0x0000000000200568                mem_manage_default
 .text.bus_fault_default
                0x0000000000200578       0x10 /doc/RIOT/tests/leds/bin/cc2538dk/cortexm_common.a(vectors_cortexm.o)
                0x0000000000200578                bus_fault_default
 .text.usage_fault_default
                0x0000000000200588       0x10 /doc/RIOT/tests/leds/bin/cc2538dk/cortexm_common.a(vectors_cortexm.o)
                0x0000000000200588                usage_fault_default
 .text.debug_mon_default
                0x0000000000200598       0x10 /doc/RIOT/tests/leds/bin/cc2538dk/cortexm_common.a(vectors_cortexm.o)
                0x0000000000200598                debug_mon_default
 .text.dummy_handler_default
                0x00000000002005a8       0x10 /doc/RIOT/tests/leds/bin/cc2538dk/cortexm_common.a(vectors_cortexm.o)
                0x00000000002005a8                dummy_handler_default
                0x00000000002005a8                isr_systick
 .text.pre_startup
                0x00000000002005b8        0x2 /doc/RIOT/tests/leds/bin/cc2538dk/cortexm_common.a(vectors_cortexm.o)
                0x00000000002005b8                pre_startup
 .text.post_startup
                0x00000000002005ba        0x2 /doc/RIOT/tests/leds/bin/cc2538dk/cortexm_common.a(vectors_cortexm.o)
                0x00000000002005ba                post_startup
 .text.reset_handler_default
                0x00000000002005bc       0x6c /doc/RIOT/tests/leds/bin/cc2538dk/cortexm_common.a(vectors_cortexm.o)
                0x00000000002005bc                reset_handler_default
 .text.hard_fault_handler
                0x0000000000200628      0x188 /doc/RIOT/tests/leds/bin/cc2538dk/cortexm_common.a(vectors_cortexm.o)
                0x0000000000200628                hard_fault_handler
 .text.irq_disable
                0x00000000002007b0        0x8 /doc/RIOT/tests/leds/bin/cc2538dk/cortexm_common.a(irq_arch.o)
                0x00000000002007b0                irq_disable
 .text.irq_enable
                0x00000000002007b8        0x8 /doc/RIOT/tests/leds/bin/cc2538dk/cortexm_common.a(irq_arch.o)
                0x00000000002007b8                irq_enable
 .text.irq_restore
                0x00000000002007c0        0x6 /doc/RIOT/tests/leds/bin/cc2538dk/cortexm_common.a(irq_arch.o)
                0x00000000002007c0                irq_restore
 .text.irq_is_in
                0x00000000002007c6        0x8 /doc/RIOT/tests/leds/bin/cc2538dk/cortexm_common.a(irq_arch.o)
                0x00000000002007c6                irq_is_in
 .text.stdio_init
                0x00000000002007ce        0xe /doc/RIOT/tests/leds/bin/cc2538dk/stdio_uart.a(stdio_uart.o)
                0x00000000002007ce                stdio_init
 .text.stdio_read
                0x00000000002007dc        0x6 /doc/RIOT/tests/leds/bin/cc2538dk/stdio_uart.a(stdio_uart.o)
                0x00000000002007dc                stdio_read
 .text.stdio_write
                0x00000000002007e2       0x12 /doc/RIOT/tests/leds/bin/cc2538dk/stdio_uart.a(stdio_uart.o)
                0x00000000002007e2                stdio_write
 .text.pm_off   0x00000000002007f4        0x8 /doc/RIOT/tests/leds/bin/cc2538dk/periph_common.a(pm.o)
                0x00000000002007f4                pm_off
 .text.board_init
                0x00000000002007fc       0x3c /doc/RIOT/tests/leds/bin/cc2538dk/board.a(board.o)
                0x00000000002007fc                board_init
 .text.panic_arch
                0x0000000000200838        0x2 /doc/RIOT/tests/leds/bin/cc2538dk/core.a(panic.o)
                0x0000000000200838                panic_arch
 *fill*         0x000000000020083a        0x2 
 .text.core_panic
                0x000000000020083c       0x44 /doc/RIOT/tests/leds/bin/cc2538dk/core.a(panic.o)
                0x000000000020083c                core_panic
 .text.main_trampoline
                0x0000000000200880       0x18 /doc/RIOT/tests/leds/bin/cc2538dk/core.a(kernel_init.o)
 .text.idle_thread
                0x0000000000200898        0x8 /doc/RIOT/tests/leds/bin/cc2538dk/core.a(kernel_init.o)
 .text.kernel_init
                0x00000000002008a0       0x58 /doc/RIOT/tests/leds/bin/cc2538dk/core.a(kernel_init.o)
                0x00000000002008a0                kernel_init
 .text.thread_create
                0x00000000002008f8       0xec /doc/RIOT/tests/leds/bin/cc2538dk/core.a(thread.o)
                0x00000000002008f8                thread_create
 .text.cpu_init
                0x00000000002009e4       0x30 /doc/RIOT/tests/leds/bin/cc2538dk/cpu.a(cpu.o)
                0x00000000002009e4                cpu_init
 .text.uart_init
                0x0000000000200a14       0xf8 /doc/RIOT/tests/leds/bin/cc2538dk/periph.a(uart.o)
                0x0000000000200a14                uart_init
 .text.uart_write
                0x0000000000200b0c       0x2c /doc/RIOT/tests/leds/bin/cc2538dk/periph.a(uart.o)
                0x0000000000200b0c                uart_write
 .text.isr_uart0
                0x0000000000200b38       0x44 /doc/RIOT/tests/leds/bin/cc2538dk/periph.a(uart.o)
                0x0000000000200b38                isr_uart0
 .text.pm_set_lowest
                0x0000000000200b7c        0x2 /doc/RIOT/tests/leds/bin/cc2538dk/periph.a(pm.o)
                0x0000000000200b7c                pm_set_lowest
 .text._pp_num  0x0000000000200b7e       0x12 /doc/RIOT/tests/leds/bin/cc2538dk/periph.a(gpio.o)
 .text.gpio_init
                0x0000000000200b90       0x5c /doc/RIOT/tests/leds/bin/cc2538dk/periph.a(gpio.o)
                0x0000000000200b90                gpio_init
 .text.gpio_init_af
                0x0000000000200bec       0x54 /doc/RIOT/tests/leds/bin/cc2538dk/periph.a(gpio.o)
                0x0000000000200bec                gpio_init_af
 .text.periph_init
                0x0000000000200c40        0x2 /doc/RIOT/tests/leds/bin/cc2538dk/periph_common.a(init.o)
                0x0000000000200c40                periph_init
 .text.dumb_delay
                0x0000000000200c42        0xe /doc/RIOT/tests/leds/bin/cc2538dk/application_tests_leds.a(main.o)
                0x0000000000200c42                dumb_delay
 .text.startup.main
                0x0000000000200c50      0x1fc /doc/RIOT/tests/leds/bin/cc2538dk/application_tests_leds.a(main.o)
                0x0000000000200c50                main
 .text.auto_init
                0x0000000000200e4c        0x2 /doc/RIOT/tests/leds/bin/cc2538dk/auto_init.a(auto_init.o)
                0x0000000000200e4c                auto_init
 *fill*         0x0000000000200e4e        0x2 
 .text.cortexm_init
                0x0000000000200e50       0x40 /doc/RIOT/tests/leds/bin/cc2538dk/cortexm_common.a(cortexm_init.o)
                0x0000000000200e50                cortexm_init
 .text.__libc_init_array
                0x0000000000200e90       0x48 /opt/gcc-arm-none-eabi-7-2018-q2-update/bin/../lib/gcc/arm-none-eabi/7.3.1/../../../../arm-none-eabi/lib/thumb/v7-m/libc_nano.a(lib_a-init.o)
                0x0000000000200e90                __libc_init_array
 .text.printf   0x0000000000200ed8       0x30 /opt/gcc-arm-none-eabi-7-2018-q2-update/bin/../lib/gcc/arm-none-eabi/7.3.1/../../../../arm-none-eabi/lib/thumb/v7-m/libc_nano.a(lib_a-printf.o)
                0x0000000000200ed8                printf
                0x0000000000200ed8                iprintf
 .text._puts_r  0x0000000000200f08       0xb8 /opt/gcc-arm-none-eabi-7-2018-q2-update/bin/../lib/gcc/arm-none-eabi/7.3.1/../../../../arm-none-eabi/lib/thumb/v7-m/libc_nano.a(lib_a-puts.o)
                0x0000000000200f08                _puts_r
 .text.puts     0x0000000000200fc0       0x10 /opt/gcc-arm-none-eabi-7-2018-q2-update/bin/../lib/gcc/arm-none-eabi/7.3.1/../../../../arm-none-eabi/lib/thumb/v7-m/libc_nano.a(lib_a-puts.o)
                0x0000000000200fc0                puts
 .text.__swbuf_r
                0x0000000000200fd0       0xa4 /opt/gcc-arm-none-eabi-7-2018-q2-update/bin/../lib/gcc/arm-none-eabi/7.3.1/../../../../arm-none-eabi/lib/thumb/v7-m/libc_nano.a(lib_a-wbuf.o)
                0x0000000000200fd0                __swbuf_r
 .text.__swsetup_r
                0x0000000000201074       0xdc /opt/gcc-arm-none-eabi-7-2018-q2-update/bin/../lib/gcc/arm-none-eabi/7.3.1/../../../../arm-none-eabi/lib/thumb/v7-m/libc_nano.a(lib_a-wsetup.o)
                0x0000000000201074                __swsetup_r
 .text.__sflush_r
                0x0000000000201150      0x10c /opt/gcc-arm-none-eabi-7-2018-q2-update/bin/../lib/gcc/arm-none-eabi/7.3.1/../../../../arm-none-eabi/lib/thumb/v7-m/libc_nano.a(lib_a-fflush.o)
                0x0000000000201150                __sflush_r
 .text._fflush_r
                0x000000000020125c       0x54 /opt/gcc-arm-none-eabi-7-2018-q2-update/bin/../lib/gcc/arm-none-eabi/7.3.1/../../../../arm-none-eabi/lib/thumb/v7-m/libc_nano.a(lib_a-fflush.o)
                0x000000000020125c                _fflush_r
 .text.std      0x00000000002012b0       0x48 /opt/gcc-arm-none-eabi-7-2018-q2-update/bin/../lib/gcc/arm-none-eabi/7.3.1/../../../../arm-none-eabi/lib/thumb/v7-m/libc_nano.a(lib_a-findfp.o)
 .text._cleanup_r
                0x00000000002012f8        0xc /opt/gcc-arm-none-eabi-7-2018-q2-update/bin/../lib/gcc/arm-none-eabi/7.3.1/../../../../arm-none-eabi/lib/thumb/v7-m/libc_nano.a(lib_a-findfp.o)
                0x00000000002012f8                _cleanup_r
 .text.__sfmoreglue
                0x0000000000201304       0x2c /opt/gcc-arm-none-eabi-7-2018-q2-update/bin/../lib/gcc/arm-none-eabi/7.3.1/../../../../arm-none-eabi/lib/thumb/v7-m/libc_nano.a(lib_a-findfp.o)
                0x0000000000201304                __sfmoreglue
 .text.__sinit  0x0000000000201330       0x60 /opt/gcc-arm-none-eabi-7-2018-q2-update/bin/../lib/gcc/arm-none-eabi/7.3.1/../../../../arm-none-eabi/lib/thumb/v7-m/libc_nano.a(lib_a-findfp.o)
                0x0000000000201330                __sinit
 .text.__sfp    0x0000000000201390       0x78 /opt/gcc-arm-none-eabi-7-2018-q2-update/bin/../lib/gcc/arm-none-eabi/7.3.1/../../../../arm-none-eabi/lib/thumb/v7-m/libc_nano.a(lib_a-findfp.o)
                0x0000000000201390                __sfp
 .text._fwalk_reent
                0x0000000000201408       0x3c /opt/gcc-arm-none-eabi-7-2018-q2-update/bin/../lib/gcc/arm-none-eabi/7.3.1/../../../../arm-none-eabi/lib/thumb/v7-m/libc_nano.a(lib_a-fwalk.o)
                0x0000000000201408                _fwalk_reent
 .text.__swhatbuf_r
                0x0000000000201444       0x48 /opt/gcc-arm-none-eabi-7-2018-q2-update/bin/../lib/gcc/arm-none-eabi/7.3.1/../../../../arm-none-eabi/lib/thumb/v7-m/libc_nano.a(lib_a-makebuf.o)
                0x0000000000201444                __swhatbuf_r
 .text.__smakebuf_r
                0x000000000020148c       0x80 /opt/gcc-arm-none-eabi-7-2018-q2-update/bin/../lib/gcc/arm-none-eabi/7.3.1/../../../../arm-none-eabi/lib/thumb/v7-m/libc_nano.a(lib_a-makebuf.o)
                0x000000000020148c                __smakebuf_r
 .text.memset   0x000000000020150c       0x10 /opt/gcc-arm-none-eabi-7-2018-q2-update/bin/../lib/gcc/arm-none-eabi/7.3.1/../../../../arm-none-eabi/lib/thumb/v7-m/libc_nano.a(lib_a-memset.o)
                0x000000000020150c                memset
 .text._free_r  0x000000000020151c       0x98 /opt/gcc-arm-none-eabi-7-2018-q2-update/bin/../lib/gcc/arm-none-eabi/7.3.1/../../../../arm-none-eabi/lib/thumb/v7-m/libc_nano.a(lib_a-nano-freer.o)
                0x000000000020151c                _free_r
 .text._malloc_r
                0x00000000002015b4       0xb4 /opt/gcc-arm-none-eabi-7-2018-q2-update/bin/../lib/gcc/arm-none-eabi/7.3.1/../../../../arm-none-eabi/lib/thumb/v7-m/libc_nano.a(lib_a-nano-mallocr.o)
                0x00000000002015b4                _malloc_r
 .text.__sfputc_r
                0x0000000000201668       0x2a /opt/gcc-arm-none-eabi-7-2018-q2-update/bin/../lib/gcc/arm-none-eabi/7.3.1/../../../../arm-none-eabi/lib/thumb/v7-m/libc_nano.a(lib_a-nano-vfprintf.o)
 .text.__sfputs_r
                0x0000000000201692       0x24 /opt/gcc-arm-none-eabi-7-2018-q2-update/bin/../lib/gcc/arm-none-eabi/7.3.1/../../../../arm-none-eabi/lib/thumb/v7-m/libc_nano.a(lib_a-nano-vfprintf.o)
                0x0000000000201692                __sfputs_r
 *fill*         0x00000000002016b6        0x2 
 .text._vfprintf_r
                0x00000000002016b8      0x22c /opt/gcc-arm-none-eabi-7-2018-q2-update/bin/../lib/gcc/arm-none-eabi/7.3.1/../../../../arm-none-eabi/lib/thumb/v7-m/libc_nano.a(lib_a-nano-vfprintf.o)
                0x00000000002016b8                _vfiprintf_r
                0x00000000002016b8                _vfprintf_r
 .text._printf_common
                0x00000000002018e4       0xec /opt/gcc-arm-none-eabi-7-2018-q2-update/bin/../lib/gcc/arm-none-eabi/7.3.1/../../../../arm-none-eabi/lib/thumb/v7-m/libc_nano.a(lib_a-nano-vfprintf_i.o)
                0x00000000002018e4                _printf_common
 .text._printf_i
                0x00000000002019d0      0x224 /opt/gcc-arm-none-eabi-7-2018-q2-update/bin/../lib/gcc/arm-none-eabi/7.3.1/../../../../arm-none-eabi/lib/thumb/v7-m/libc_nano.a(lib_a-nano-vfprintf_i.o)
                0x00000000002019d0                _printf_i
 .text.__sread  0x0000000000201bf4       0x22 /opt/gcc-arm-none-eabi-7-2018-q2-update/bin/../lib/gcc/arm-none-eabi/7.3.1/../../../../arm-none-eabi/lib/thumb/v7-m/libc_nano.a(lib_a-stdio.o)
                0x0000000000201bf4                __sread
 .text.__swrite
                0x0000000000201c16       0x38 /opt/gcc-arm-none-eabi-7-2018-q2-update/bin/../lib/gcc/arm-none-eabi/7.3.1/../../../../arm-none-eabi/lib/thumb/v7-m/libc_nano.a(lib_a-stdio.o)
                0x0000000000201c16                __swrite
 .text.__sseek  0x0000000000201c4e       0x24 /opt/gcc-arm-none-eabi-7-2018-q2-update/bin/../lib/gcc/arm-none-eabi/7.3.1/../../../../arm-none-eabi/lib/thumb/v7-m/libc_nano.a(lib_a-stdio.o)
                0x0000000000201c4e                __sseek
 .text.__sclose
                0x0000000000201c72        0x8 /opt/gcc-arm-none-eabi-7-2018-q2-update/bin/../lib/gcc/arm-none-eabi/7.3.1/../../../../arm-none-eabi/lib/thumb/v7-m/libc_nano.a(lib_a-stdio.o)
                0x0000000000201c72                __sclose
 .text.memchr   0x0000000000201c7a       0x1c /opt/gcc-arm-none-eabi-7-2018-q2-update/bin/../lib/gcc/arm-none-eabi/7.3.1/../../../../arm-none-eabi/lib/thumb/v7-m/libc_nano.a(lib_a-memchr-stub.o)
                0x0000000000201c7a                memchr
 .text.__malloc_lock
                0x0000000000201c96        0x2 /opt/gcc-arm-none-eabi-7-2018-q2-update/bin/../lib/gcc/arm-none-eabi/7.3.1/../../../../arm-none-eabi/lib/thumb/v7-m/libc_nano.a(lib_a-mlock.o)
                0x0000000000201c96                __malloc_lock
 .text.__malloc_unlock
                0x0000000000201c98        0x2 /opt/gcc-arm-none-eabi-7-2018-q2-update/bin/../lib/gcc/arm-none-eabi/7.3.1/../../../../arm-none-eabi/lib/thumb/v7-m/libc_nano.a(lib_a-mlock.o)
                0x0000000000201c98                __malloc_unlock
 *(.glue_7t)
 .glue_7t       0x0000000000201c9a        0x0 linker stubs
 *(.glue_7)
 .glue_7        0x0000000000201c9a        0x0 linker stubs
 *(.rodata .rodata* .gnu.linkonce.r.*)
 .rodata.bus_fault_default.str1.1
                0x0000000000201c9a       0x12 /doc/RIOT/tests/leds/bin/cc2538dk/cortexm_common.a(vectors_cortexm.o)
 .rodata.debug_mon_default.str1.1
                0x0000000000201cac       0x12 /doc/RIOT/tests/leds/bin/cc2538dk/cortexm_common.a(vectors_cortexm.o)
 .rodata.dummy_handler_default.str1.1
                0x0000000000201cbe        0xe /doc/RIOT/tests/leds/bin/cc2538dk/cortexm_common.a(vectors_cortexm.o)
 .rodata.hard_fault_handler.str1.1
                0x0000000000201ccc      0x1f4 /doc/RIOT/tests/leds/bin/cc2538dk/cortexm_common.a(vectors_cortexm.o)
 .rodata.mem_manage_default.str1.1
                0x0000000000201ec0       0x13 /doc/RIOT/tests/leds/bin/cc2538dk/cortexm_common.a(vectors_cortexm.o)
 .rodata.nmi_default.str1.1
                0x0000000000201ed3        0xc /doc/RIOT/tests/leds/bin/cc2538dk/cortexm_common.a(vectors_cortexm.o)
 .rodata.usage_fault_default.str1.1
                0x0000000000201edf       0x14 /doc/RIOT/tests/leds/bin/cc2538dk/cortexm_common.a(vectors_cortexm.o)
 .rodata.assert_crash_message
                0x0000000000201ef3       0x12 /doc/RIOT/tests/leds/bin/cc2538dk/core.a(panic.o)
                0x0000000000201ef3                assert_crash_message
 .rodata.core_panic.str1.1
                0x0000000000201f05       0x2e /doc/RIOT/tests/leds/bin/cc2538dk/core.a(panic.o)
 .rodata.main_trampoline.str1.1
                0x0000000000201f33       0x3b /doc/RIOT/tests/leds/bin/cc2538dk/core.a(kernel_init.o)
 .rodata.str1.1
                0x0000000000201f6e        0xa /doc/RIOT/tests/leds/bin/cc2538dk/core.a(kernel_init.o)
 .rodata.main.str1.1
                0x0000000000201f78       0x67 /doc/RIOT/tests/leds/bin/cc2538dk/application_tests_leds.a(main.o)
 *fill*         0x0000000000201fdf        0x1 
 .rodata._global_impure_ptr
                0x0000000000201fe0        0x4 /opt/gcc-arm-none-eabi-7-2018-q2-update/bin/../lib/gcc/arm-none-eabi/7.3.1/../../../../arm-none-eabi/lib/thumb/v7-m/libc_nano.a(lib_a-impure.o)
                0x0000000000201fe0                _global_impure_ptr
 .rodata.__sf_fake_stderr
                0x0000000000201fe4       0x20 /opt/gcc-arm-none-eabi-7-2018-q2-update/bin/../lib/gcc/arm-none-eabi/7.3.1/../../../../arm-none-eabi/lib/thumb/v7-m/libc_nano.a(lib_a-findfp.o)
                0x0000000000201fe4                __sf_fake_stderr
 .rodata.__sf_fake_stdin
                0x0000000000202004       0x20 /opt/gcc-arm-none-eabi-7-2018-q2-update/bin/../lib/gcc/arm-none-eabi/7.3.1/../../../../arm-none-eabi/lib/thumb/v7-m/libc_nano.a(lib_a-findfp.o)
                0x0000000000202004                __sf_fake_stdin
 .rodata.__sf_fake_stdout
                0x0000000000202024       0x20 /opt/gcc-arm-none-eabi-7-2018-q2-update/bin/../lib/gcc/arm-none-eabi/7.3.1/../../../../arm-none-eabi/lib/thumb/v7-m/libc_nano.a(lib_a-findfp.o)
                0x0000000000202024                __sf_fake_stdout
 .rodata._vfprintf_r.str1.1
                0x0000000000202044       0x11 /opt/gcc-arm-none-eabi-7-2018-q2-update/bin/../lib/gcc/arm-none-eabi/7.3.1/../../../../arm-none-eabi/lib/thumb/v7-m/libc_nano.a(lib_a-nano-vfprintf.o)
 .rodata._printf_i.str1.1
                0x0000000000202055       0x22 /opt/gcc-arm-none-eabi-7-2018-q2-update/bin/../lib/gcc/arm-none-eabi/7.3.1/../../../../arm-none-eabi/lib/thumb/v7-m/libc_nano.a(lib_a-nano-vfprintf_i.o)
 *(.ARM.extab* .gnu.linkonce.armextab.*)
                0x0000000000202078                . = ALIGN (0x4)
 *fill*         0x0000000000202077        0x1 
 *(.init)
                0x0000000000202078                . = ALIGN (0x4)
                0x0000000000202078                __preinit_array_start = .
 *(.preinit_array)
                0x0000000000202078                __preinit_array_end = .
                0x0000000000202078                . = ALIGN (0x4)
                0x0000000000202078                __init_array_start = .
 *(SORT_BY_NAME(.init_array.*))
 *(.init_array)
                0x0000000000202078                __init_array_end = .
                0x0000000000202078                . = ALIGN (0x4)
 *crtbegin.o(.ctors)
 *(EXCLUDE_FILE(*crtend.o) .ctors)
 *(SORT_BY_NAME(.ctors.*))
 *crtend.o(.ctors)
                0x0000000000202078                . = ALIGN (0x4)
 *(.fini)
                0x0000000000202078                . = ALIGN (0x4)
                0x0000000000202078                __fini_array_start = .
 *(.fini_array)
 *(SORT_BY_NAME(.fini_array.*))
                0x0000000000202078                __fini_array_end = .
 *crtbegin.o(.dtors)
 *(EXCLUDE_FILE(*crtend.o) .dtors)
 *(SORT_BY_NAME(.dtors.*))
 *crtend.o(.dtors)
                0x0000000000202078                . = ALIGN (0x4)
                0x0000000000202078                _efixed = .
                [!provide]                        PROVIDE (__exidx_start = .)

.vfp11_veneer   0x0000000000202078        0x0
 .vfp11_veneer  0x0000000000202078        0x0 linker stubs

.v4_bx          0x0000000000202078        0x0
 .v4_bx         0x0000000000202078        0x0 linker stubs

.iplt           0x0000000000202078        0x0
 .iplt          0x0000000000202078        0x0 /doc/RIOT/tests/leds/bin/cc2538dk/cpu/vectors.o

.igot.plt       0x0000000000202078        0x0
 .igot.plt      0x0000000000202078        0x0 /doc/RIOT/tests/leds/bin/cc2538dk/cpu/vectors.o

.rel.dyn        0x0000000000202078        0x0
 .rel.iplt      0x0000000000202078        0x0 /doc/RIOT/tests/leds/bin/cc2538dk/cpu/vectors.o

.ARM.exidx
 *(.ARM.exidx* .gnu.linkonce.armexidx.*)
                [!provide]                        PROVIDE (__exidx_end = .)
                0x0000000000202078                . = ALIGN (0x4)

.eh_frame
 *(.eh_frame)
                0x0000000000202078                . = ALIGN (0x4)
                0x0000000000202078                _etext = .

.stack          0x0000000020000000      0x200
 *(.puf)
                0x0000000020000000                . = ALIGN (0x8)
                0x0000000020000000                _sstack = .
 *(.isr_stack)
 .isr_stack     0x0000000020000000      0x200 /doc/RIOT/tests/leds/bin/cc2538dk/cortexm_common.a(vectors_cortexm.o)
                0x0000000020000000                isr_stack
                0x0000000020000200                . = ALIGN (0x8)
                0x0000000020000200                _estack = .

.relocate       0x0000000020000200       0x74 load address 0x0000000000202078
                0x0000000020000200                . = ALIGN (0x4)
                0x0000000020000200                _srelocate = .
 *(.ramfunc .ramfunc.*)
 *(.data .data.*)
 .data.heap_top
                0x0000000020000200        0x4 /doc/RIOT/tests/leds/bin/cc2538dk/newlib_syscalls_default/syscalls.o
                0x0000000020000200                heap_top
 .data.idle_name
                0x0000000020000204        0x4 /doc/RIOT/tests/leds/bin/cc2538dk/core.a(kernel_init.o)
                0x0000000020000204                idle_name
 .data.main_name
                0x0000000020000208        0x4 /doc/RIOT/tests/leds/bin/cc2538dk/core.a(kernel_init.o)
                0x0000000020000208                main_name
 .data._impure_ptr
                0x000000002000020c        0x4 /opt/gcc-arm-none-eabi-7-2018-q2-update/bin/../lib/gcc/arm-none-eabi/7.3.1/../../../../arm-none-eabi/lib/thumb/v7-m/libc_nano.a(lib_a-impure.o)
                0x000000002000020c                _impure_ptr
 .data.impure_data
                0x0000000020000210       0x60 /opt/gcc-arm-none-eabi-7-2018-q2-update/bin/../lib/gcc/arm-none-eabi/7.3.1/../../../../arm-none-eabi/lib/thumb/v7-m/libc_nano.a(lib_a-impure.o)
 *(.openocd .openocd.*)
 .openocd       0x0000000020000270        0x2 /doc/RIOT/tests/leds/bin/cc2538dk/core.a(sched.o)
                0x0000000020000270                _tcb_name_offset
                0x0000000020000271                max_threads
                0x0000000020000274                . = ALIGN (0x4)
 *fill*         0x0000000020000272        0x2 
                0x0000000020000274                _erelocate = .

.bss            0x0000000020000274      0x7ec load address 0x00000000002020ec
                0x0000000020000274                . = ALIGN (0x4)
                0x0000000020000274                _sbss = .
                0x0000000020000274                _szero = .
 *(.bss .bss.*)
 .bss.runqueue_bitcache
                0x0000000020000274        0x4 /doc/RIOT/tests/leds/bin/cc2538dk/core.a(sched.o)
 .bss.sched_active_pid
                0x0000000020000278        0x2 /doc/RIOT/tests/leds/bin/cc2538dk/core.a(sched.o)
                0x0000000020000278                sched_active_pid
 *fill*         0x000000002000027a        0x2 
 .bss.sched_active_thread
                0x000000002000027c        0x4 /doc/RIOT/tests/leds/bin/cc2538dk/core.a(sched.o)
                0x000000002000027c                sched_active_thread
 .bss.sched_context_switch_request
                0x0000000020000280        0x4 /doc/RIOT/tests/leds/bin/cc2538dk/core.a(sched.o)
                0x0000000020000280                sched_context_switch_request
 .bss.sched_num_threads
                0x0000000020000284        0x4 /doc/RIOT/tests/leds/bin/cc2538dk/core.a(sched.o)
                0x0000000020000284                sched_num_threads
 .bss.sched_runqueues
                0x0000000020000288       0x40 /doc/RIOT/tests/leds/bin/cc2538dk/core.a(sched.o)
                0x0000000020000288                sched_runqueues
 .bss.sched_threads
                0x00000000200002c8       0x84 /doc/RIOT/tests/leds/bin/cc2538dk/core.a(sched.o)
                0x00000000200002c8                sched_threads
 .bss.crashed   0x000000002000034c        0x4 /doc/RIOT/tests/leds/bin/cc2538dk/core.a(panic.o)
 .bss.idle_stack
                0x0000000020000350      0x100 /doc/RIOT/tests/leds/bin/cc2538dk/core.a(kernel_init.o)
 .bss.main_stack
                0x0000000020000450      0x600 /doc/RIOT/tests/leds/bin/cc2538dk/core.a(kernel_init.o)
 .bss.uart_ctx  0x0000000020000a50        0x8 /doc/RIOT/tests/leds/bin/cc2538dk/periph.a(uart.o)
 .bss.__malloc_free_list
                0x0000000020000a58        0x4 /opt/gcc-arm-none-eabi-7-2018-q2-update/bin/../lib/gcc/arm-none-eabi/7.3.1/../../../../arm-none-eabi/lib/thumb/v7-m/libc_nano.a(lib_a-nano-mallocr.o)
                0x0000000020000a58                __malloc_free_list
 .bss.__malloc_sbrk_start
                0x0000000020000a5c        0x4 /opt/gcc-arm-none-eabi-7-2018-q2-update/bin/../lib/gcc/arm-none-eabi/7.3.1/../../../../arm-none-eabi/lib/thumb/v7-m/libc_nano.a(lib_a-nano-mallocr.o)
                0x0000000020000a5c                __malloc_sbrk_start
 *(COMMON)
                0x0000000020000a60                . = ALIGN (0x4)
                0x0000000020000a60                _ebss = .
                0x0000000020000a60                _ezero = .

.noinit         0x0000000020000a60        0x0 load address 0x00000000002020ec
                0x0000000020000a60                __noinit_start = .
 *(.noinit)
                0x0000000020000a60                . = ALIGN (0x4)
                0x0000000020000a60                __noinit_end = .
                0x0000000020000a60                . = ALIGN (0x4)
                0x0000000020000a60                _sheap = .
                0x0000000020008000                _eheap = (ORIGIN (ram) + LENGTH (ram))
                0x0000000020000000                _sram = ORIGIN (ram)
                0x0000000020008000                _eram = (ORIGIN (ram) + LENGTH (ram))
OUTPUT(/doc/RIOT/tests/leds/bin/cc2538dk/tests_leds.elf elf32-littlearm)

.debug_info     0x0000000000000000    0x173ab
 .debug_info    0x0000000000000000     0x16e5 /doc/RIOT/tests/leds/bin/cc2538dk/cpu/vectors.o
 .debug_info    0x00000000000016e5     0x1d87 /doc/RIOT/tests/leds/bin/cc2538dk/newlib_syscalls_default/syscalls.o
 .debug_info    0x000000000000346c      0xe6e /doc/RIOT/tests/leds/bin/cc2538dk/core.a(sched.o)
 .debug_info    0x00000000000042da      0xfdc /doc/RIOT/tests/leds/bin/cc2538dk/cortexm_common.a(thread_arch.o)
 .debug_info    0x00000000000052b6     0x1dc2 /doc/RIOT/tests/leds/bin/cc2538dk/cortexm_common.a(vectors_cortexm.o)
 .debug_info    0x0000000000007078      0xcf3 /doc/RIOT/tests/leds/bin/cc2538dk/cortexm_common.a(irq_arch.o)
 .debug_info    0x0000000000007d6b     0x168b /doc/RIOT/tests/leds/bin/cc2538dk/stdio_uart.a(stdio_uart.o)
 .debug_info    0x00000000000093f6      0xc01 /doc/RIOT/tests/leds/bin/cc2538dk/periph_common.a(pm.o)
 .debug_info    0x0000000000009ff7     0x15ba /doc/RIOT/tests/leds/bin/cc2538dk/board.a(board.o)
 .debug_info    0x000000000000b5b1      0xd9b /doc/RIOT/tests/leds/bin/cc2538dk/core.a(panic.o)
 .debug_info    0x000000000000c34c      0xe05 /doc/RIOT/tests/leds/bin/cc2538dk/core.a(kernel_init.o)
 .debug_info    0x000000000000d151     0x1213 /doc/RIOT/tests/leds/bin/cc2538dk/core.a(thread.o)
 .debug_info    0x000000000000e364     0x1105 /doc/RIOT/tests/leds/bin/cc2538dk/cpu.a(cpu.o)
 .debug_info    0x000000000000f469     0x2190 /doc/RIOT/tests/leds/bin/cc2538dk/periph.a(uart.o)
 .debug_info    0x00000000000115f9      0xbe8 /doc/RIOT/tests/leds/bin/cc2538dk/periph.a(pm.o)
 .debug_info    0x00000000000121e1     0x1be8 /doc/RIOT/tests/leds/bin/cc2538dk/periph.a(gpio.o)
 .debug_info    0x0000000000013dc9       0x3b /doc/RIOT/tests/leds/bin/cc2538dk/periph_common.a(init.o)
 .debug_info    0x0000000000013e04     0x188a /doc/RIOT/tests/leds/bin/cc2538dk/application_tests_leds.a(main.o)
 .debug_info    0x000000000001568e      0xb8c /doc/RIOT/tests/leds/bin/cc2538dk/auto_init.a(auto_init.o)
 .debug_info    0x000000000001621a     0x1191 /doc/RIOT/tests/leds/bin/cc2538dk/cortexm_common.a(cortexm_init.o)

.debug_abbrev   0x0000000000000000     0x35c2
 .debug_abbrev  0x0000000000000000      0x27a /doc/RIOT/tests/leds/bin/cc2538dk/cpu/vectors.o
 .debug_abbrev  0x000000000000027a      0x40e /doc/RIOT/tests/leds/bin/cc2538dk/newlib_syscalls_default/syscalls.o
 .debug_abbrev  0x0000000000000688      0x33c /doc/RIOT/tests/leds/bin/cc2538dk/core.a(sched.o)
 .debug_abbrev  0x00000000000009c4      0x318 /doc/RIOT/tests/leds/bin/cc2538dk/cortexm_common.a(thread_arch.o)
 .debug_abbrev  0x0000000000000cdc      0x405 /doc/RIOT/tests/leds/bin/cc2538dk/cortexm_common.a(vectors_cortexm.o)
 .debug_abbrev  0x00000000000010e1      0x289 /doc/RIOT/tests/leds/bin/cc2538dk/cortexm_common.a(irq_arch.o)
 .debug_abbrev  0x000000000000136a      0x2b0 /doc/RIOT/tests/leds/bin/cc2538dk/stdio_uart.a(stdio_uart.o)
 .debug_abbrev  0x000000000000161a      0x1d4 /doc/RIOT/tests/leds/bin/cc2538dk/periph_common.a(pm.o)
 .debug_abbrev  0x00000000000017ee      0x260 /doc/RIOT/tests/leds/bin/cc2538dk/board.a(board.o)
 .debug_abbrev  0x0000000000001a4e      0x27f /doc/RIOT/tests/leds/bin/cc2538dk/core.a(panic.o)
 .debug_abbrev  0x0000000000001ccd      0x250 /doc/RIOT/tests/leds/bin/cc2538dk/core.a(kernel_init.o)
 .debug_abbrev  0x0000000000001f1d      0x336 /doc/RIOT/tests/leds/bin/cc2538dk/core.a(thread.o)
 .debug_abbrev  0x0000000000002253      0x23c /doc/RIOT/tests/leds/bin/cc2538dk/cpu.a(cpu.o)
 .debug_abbrev  0x000000000000248f      0x414 /doc/RIOT/tests/leds/bin/cc2538dk/periph.a(uart.o)
 .debug_abbrev  0x00000000000028a3      0x1b6 /doc/RIOT/tests/leds/bin/cc2538dk/periph.a(pm.o)
 .debug_abbrev  0x0000000000002a59      0x38a /doc/RIOT/tests/leds/bin/cc2538dk/periph.a(gpio.o)
 .debug_abbrev  0x0000000000002de3       0x2f /doc/RIOT/tests/leds/bin/cc2538dk/periph_common.a(init.o)
 .debug_abbrev  0x0000000000002e12      0x2ad /doc/RIOT/tests/leds/bin/cc2538dk/application_tests_leds.a(main.o)
 .debug_abbrev  0x00000000000030bf      0x1a7 /doc/RIOT/tests/leds/bin/cc2538dk/auto_init.a(auto_init.o)
 .debug_abbrev  0x0000000000003266      0x35c /doc/RIOT/tests/leds/bin/cc2538dk/cortexm_common.a(cortexm_init.o)

.debug_aranges  0x0000000000000000      0x4a0
 .debug_aranges
                0x0000000000000000       0x20 /doc/RIOT/tests/leds/bin/cc2538dk/cpu/vectors.o
 .debug_aranges
                0x0000000000000020       0xb0 /doc/RIOT/tests/leds/bin/cc2538dk/newlib_syscalls_default/syscalls.o
 .debug_aranges
                0x00000000000000d0       0x38 /doc/RIOT/tests/leds/bin/cc2538dk/core.a(sched.o)
 .debug_aranges
                0x0000000000000108       0x60 /doc/RIOT/tests/leds/bin/cc2538dk/cortexm_common.a(thread_arch.o)
 .debug_aranges
                0x0000000000000168       0x68 /doc/RIOT/tests/leds/bin/cc2538dk/cortexm_common.a(vectors_cortexm.o)
 .debug_aranges
                0x00000000000001d0       0x38 /doc/RIOT/tests/leds/bin/cc2538dk/cortexm_common.a(irq_arch.o)
 .debug_aranges
                0x0000000000000208       0x30 /doc/RIOT/tests/leds/bin/cc2538dk/stdio_uart.a(stdio_uart.o)
 .debug_aranges
                0x0000000000000238       0x20 /doc/RIOT/tests/leds/bin/cc2538dk/periph_common.a(pm.o)
 .debug_aranges
                0x0000000000000258       0x20 /doc/RIOT/tests/leds/bin/cc2538dk/board.a(board.o)
 .debug_aranges
                0x0000000000000278       0x28 /doc/RIOT/tests/leds/bin/cc2538dk/core.a(panic.o)
 .debug_aranges
                0x00000000000002a0       0x30 /doc/RIOT/tests/leds/bin/cc2538dk/core.a(kernel_init.o)
 .debug_aranges
                0x00000000000002d0       0x60 /doc/RIOT/tests/leds/bin/cc2538dk/core.a(thread.o)
 .debug_aranges
                0x0000000000000330       0x20 /doc/RIOT/tests/leds/bin/cc2538dk/cpu.a(cpu.o)
 .debug_aranges
                0x0000000000000350       0x40 /doc/RIOT/tests/leds/bin/cc2538dk/periph.a(uart.o)
 .debug_aranges
                0x0000000000000390       0x20 /doc/RIOT/tests/leds/bin/cc2538dk/periph.a(pm.o)
 .debug_aranges
                0x00000000000003b0       0x60 /doc/RIOT/tests/leds/bin/cc2538dk/periph.a(gpio.o)
 .debug_aranges
                0x0000000000000410       0x20 /doc/RIOT/tests/leds/bin/cc2538dk/periph_common.a(init.o)
 .debug_aranges
                0x0000000000000430       0x28 /doc/RIOT/tests/leds/bin/cc2538dk/application_tests_leds.a(main.o)
 .debug_aranges
                0x0000000000000458       0x20 /doc/RIOT/tests/leds/bin/cc2538dk/auto_init.a(auto_init.o)
 .debug_aranges
                0x0000000000000478       0x28 /doc/RIOT/tests/leds/bin/cc2538dk/cortexm_common.a(cortexm_init.o)

.debug_ranges   0x0000000000000000      0x5c8
 .debug_ranges  0x0000000000000000       0x10 /doc/RIOT/tests/leds/bin/cc2538dk/cpu/vectors.o
 .debug_ranges  0x0000000000000010       0xa0 /doc/RIOT/tests/leds/bin/cc2538dk/newlib_syscalls_default/syscalls.o
 .debug_ranges  0x00000000000000b0       0x88 /doc/RIOT/tests/leds/bin/cc2538dk/core.a(sched.o)
 .debug_ranges  0x0000000000000138       0xa0 /doc/RIOT/tests/leds/bin/cc2538dk/cortexm_common.a(thread_arch.o)
 .debug_ranges  0x00000000000001d8       0x58 /doc/RIOT/tests/leds/bin/cc2538dk/cortexm_common.a(vectors_cortexm.o)
 .debug_ranges  0x0000000000000230       0x28 /doc/RIOT/tests/leds/bin/cc2538dk/cortexm_common.a(irq_arch.o)
 .debug_ranges  0x0000000000000258       0x20 /doc/RIOT/tests/leds/bin/cc2538dk/stdio_uart.a(stdio_uart.o)
 .debug_ranges  0x0000000000000278       0x10 /doc/RIOT/tests/leds/bin/cc2538dk/periph_common.a(pm.o)
 .debug_ranges  0x0000000000000288       0x10 /doc/RIOT/tests/leds/bin/cc2538dk/board.a(board.o)
 .debug_ranges  0x0000000000000298       0x18 /doc/RIOT/tests/leds/bin/cc2538dk/core.a(panic.o)
 .debug_ranges  0x00000000000002b0       0x20 /doc/RIOT/tests/leds/bin/cc2538dk/core.a(kernel_init.o)
 .debug_ranges  0x00000000000002d0       0x80 /doc/RIOT/tests/leds/bin/cc2538dk/core.a(thread.o)
 .debug_ranges  0x0000000000000350       0x28 /doc/RIOT/tests/leds/bin/cc2538dk/cpu.a(cpu.o)
 .debug_ranges  0x0000000000000378       0x90 /doc/RIOT/tests/leds/bin/cc2538dk/periph.a(uart.o)
 .debug_ranges  0x0000000000000408       0x10 /doc/RIOT/tests/leds/bin/cc2538dk/periph.a(pm.o)
 .debug_ranges  0x0000000000000418       0xf8 /doc/RIOT/tests/leds/bin/cc2538dk/periph.a(gpio.o)
 .debug_ranges  0x0000000000000510       0x10 /doc/RIOT/tests/leds/bin/cc2538dk/periph_common.a(init.o)
 .debug_ranges  0x0000000000000520       0x30 /doc/RIOT/tests/leds/bin/cc2538dk/application_tests_leds.a(main.o)
 .debug_ranges  0x0000000000000550       0x10 /doc/RIOT/tests/leds/bin/cc2538dk/auto_init.a(auto_init.o)
 .debug_ranges  0x0000000000000560       0x68 /doc/RIOT/tests/leds/bin/cc2538dk/cortexm_common.a(cortexm_init.o)

.debug_macro    0x0000000000000000    0x17006
 .debug_macro   0x0000000000000000      0x376 /doc/RIOT/tests/leds/bin/cc2538dk/cpu/vectors.o
 .debug_macro   0x0000000000000376      0xa4e /doc/RIOT/tests/leds/bin/cc2538dk/cpu/vectors.o
 .debug_macro   0x0000000000000dc4       0xb2 /doc/RIOT/tests/leds/bin/cc2538dk/cpu/vectors.o
 .debug_macro   0x0000000000000e76       0x22 /doc/RIOT/tests/leds/bin/cc2538dk/cpu/vectors.o
 .debug_macro   0x0000000000000e98       0x56 /doc/RIOT/tests/leds/bin/cc2538dk/cpu/vectors.o
 .debug_macro   0x0000000000000eee       0x51 /doc/RIOT/tests/leds/bin/cc2538dk/cpu/vectors.o
 .debug_macro   0x0000000000000f3f       0xef /doc/RIOT/tests/leds/bin/cc2538dk/cpu/vectors.o
 .debug_macro   0x000000000000102e       0x6a /doc/RIOT/tests/leds/bin/cc2538dk/cpu/vectors.o
 .debug_macro   0x0000000000001098      0x1df /doc/RIOT/tests/leds/bin/cc2538dk/cpu/vectors.o
 .debug_macro   0x0000000000001277       0x46 /doc/RIOT/tests/leds/bin/cc2538dk/cpu/vectors.o
 .debug_macro   0x00000000000012bd       0x18 /doc/RIOT/tests/leds/bin/cc2538dk/cpu/vectors.o
 .debug_macro   0x00000000000012d5       0x3c /doc/RIOT/tests/leds/bin/cc2538dk/cpu/vectors.o
 .debug_macro   0x0000000000001311       0x34 /doc/RIOT/tests/leds/bin/cc2538dk/cpu/vectors.o
 .debug_macro   0x0000000000001345       0x16 /doc/RIOT/tests/leds/bin/cc2538dk/cpu/vectors.o
 .debug_macro   0x000000000000135b       0x97 /doc/RIOT/tests/leds/bin/cc2538dk/cpu/vectors.o
 .debug_macro   0x00000000000013f2      0x353 /doc/RIOT/tests/leds/bin/cc2538dk/cpu/vectors.o
 .debug_macro   0x0000000000001745       0xf6 /doc/RIOT/tests/leds/bin/cc2538dk/cpu/vectors.o
 .debug_macro   0x000000000000183b       0x10 /doc/RIOT/tests/leds/bin/cc2538dk/cpu/vectors.o
 .debug_macro   0x000000000000184b       0x52 /doc/RIOT/tests/leds/bin/cc2538dk/cpu/vectors.o
 .debug_macro   0x000000000000189d       0x1f /doc/RIOT/tests/leds/bin/cc2538dk/cpu/vectors.o
 .debug_macro   0x00000000000018bc       0x43 /doc/RIOT/tests/leds/bin/cc2538dk/cpu/vectors.o
 .debug_macro   0x00000000000018ff       0x20 /doc/RIOT/tests/leds/bin/cc2538dk/cpu/vectors.o
 .debug_macro   0x000000000000191f      0x1a3 /doc/RIOT/tests/leds/bin/cc2538dk/cpu/vectors.o
 .debug_macro   0x0000000000001ac2       0x10 /doc/RIOT/tests/leds/bin/cc2538dk/cpu/vectors.o
 .debug_macro   0x0000000000001ad2       0xb6 /doc/RIOT/tests/leds/bin/cc2538dk/cpu/vectors.o
 .debug_macro   0x0000000000001b88       0x16 /doc/RIOT/tests/leds/bin/cc2538dk/cpu/vectors.o
 .debug_macro   0x0000000000001b9e      0x114 /doc/RIOT/tests/leds/bin/cc2538dk/cpu/vectors.o
 .debug_macro   0x0000000000001cb2       0x22 /doc/RIOT/tests/leds/bin/cc2538dk/cpu/vectors.o
 .debug_macro   0x0000000000001cd4       0x2f /doc/RIOT/tests/leds/bin/cc2538dk/cpu/vectors.o
 .debug_macro   0x0000000000001d03       0x2e /doc/RIOT/tests/leds/bin/cc2538dk/cpu/vectors.o
 .debug_macro   0x0000000000001d31       0x22 /doc/RIOT/tests/leds/bin/cc2538dk/cpu/vectors.o
 .debug_macro   0x0000000000001d53       0x1c /doc/RIOT/tests/leds/bin/cc2538dk/cpu/vectors.o
 .debug_macro   0x0000000000001d6f       0x22 /doc/RIOT/tests/leds/bin/cc2538dk/cpu/vectors.o
 .debug_macro   0x0000000000001d91       0xbd /doc/RIOT/tests/leds/bin/cc2538dk/cpu/vectors.o
 .debug_macro   0x0000000000001e4e      0xe49 /doc/RIOT/tests/leds/bin/cc2538dk/cpu/vectors.o
 .debug_macro   0x0000000000002c97      0x11f /doc/RIOT/tests/leds/bin/cc2538dk/cpu/vectors.o
 .debug_macro   0x0000000000002db6     0x123f /doc/RIOT/tests/leds/bin/cc2538dk/cpu/vectors.o
 .debug_macro   0x0000000000003ff5       0xd7 /doc/RIOT/tests/leds/bin/cc2538dk/cpu/vectors.o
 .debug_macro   0x00000000000040cc       0x18 /doc/RIOT/tests/leds/bin/cc2538dk/cpu/vectors.o
 .debug_macro   0x00000000000040e4       0x22 /doc/RIOT/tests/leds/bin/cc2538dk/cpu/vectors.o
 .debug_macro   0x0000000000004106       0x11 /doc/RIOT/tests/leds/bin/cc2538dk/cpu/vectors.o
 .debug_macro   0x0000000000004117       0x18 /doc/RIOT/tests/leds/bin/cc2538dk/cpu/vectors.o
 .debug_macro   0x000000000000412f       0x16 /doc/RIOT/tests/leds/bin/cc2538dk/cpu/vectors.o
 .debug_macro   0x0000000000004145       0xd6 /doc/RIOT/tests/leds/bin/cc2538dk/cpu/vectors.o
 .debug_macro   0x000000000000421b       0x10 /doc/RIOT/tests/leds/bin/cc2538dk/cpu/vectors.o
 .debug_macro   0x000000000000422b       0x35 /doc/RIOT/tests/leds/bin/cc2538dk/cpu/vectors.o
 .debug_macro   0x0000000000004260      0x460 /doc/RIOT/tests/leds/bin/cc2538dk/cpu/vectors.o
 .debug_macro   0x00000000000046c0       0x2b /doc/RIOT/tests/leds/bin/cc2538dk/cpu/vectors.o
 .debug_macro   0x00000000000046eb       0xee /doc/RIOT/tests/leds/bin/cc2538dk/cpu/vectors.o
 .debug_macro   0x00000000000047d9       0x28 /doc/RIOT/tests/leds/bin/cc2538dk/cpu/vectors.o
 .debug_macro   0x0000000000004801       0x17 /doc/RIOT/tests/leds/bin/cc2538dk/cpu/vectors.o
 .debug_macro   0x0000000000004818       0x10 /doc/RIOT/tests/leds/bin/cc2538dk/cpu/vectors.o
 .debug_macro   0x0000000000004828       0x12 /doc/RIOT/tests/leds/bin/cc2538dk/cpu/vectors.o
 .debug_macro   0x000000000000483a       0x5f /doc/RIOT/tests/leds/bin/cc2538dk/cpu/vectors.o
 .debug_macro   0x0000000000004899       0x16 /doc/RIOT/tests/leds/bin/cc2538dk/cpu/vectors.o
 .debug_macro   0x00000000000048af      0x129 /doc/RIOT/tests/leds/bin/cc2538dk/cpu/vectors.o
 .debug_macro   0x00000000000049d8      0x2dc /doc/RIOT/tests/leds/bin/cc2538dk/cpu/vectors.o
 .debug_macro   0x0000000000004cb4      0x82b /doc/RIOT/tests/leds/bin/cc2538dk/cpu/vectors.o
 .debug_macro   0x00000000000054df       0xd1 /doc/RIOT/tests/leds/bin/cc2538dk/cpu/vectors.o
 .debug_macro   0x00000000000055b0       0x47 /doc/RIOT/tests/leds/bin/cc2538dk/cpu/vectors.o
 .debug_macro   0x00000000000055f7       0xac /doc/RIOT/tests/leds/bin/cc2538dk/cpu/vectors.o
 .debug_macro   0x00000000000056a3       0x1c /doc/RIOT/tests/leds/bin/cc2538dk/cpu/vectors.o
 .debug_macro   0x00000000000056bf      0x46d /doc/RIOT/tests/leds/bin/cc2538dk/newlib_syscalls_default/syscalls.o
 .debug_macro   0x0000000000005b2c      0xa4e /doc/RIOT/tests/leds/bin/cc2538dk/newlib_syscalls_default/syscalls.o
 .debug_macro   0x000000000000657a       0x40 /doc/RIOT/tests/leds/bin/cc2538dk/newlib_syscalls_default/syscalls.o
 .debug_macro   0x00000000000065ba       0x5c /doc/RIOT/tests/leds/bin/cc2538dk/newlib_syscalls_default/syscalls.o
 .debug_macro   0x0000000000006616       0x10 /doc/RIOT/tests/leds/bin/cc2538dk/newlib_syscalls_default/syscalls.o
 .debug_macro   0x0000000000006626       0x57 /doc/RIOT/tests/leds/bin/cc2538dk/newlib_syscalls_default/syscalls.o
 .debug_macro   0x000000000000667d       0xcf /doc/RIOT/tests/leds/bin/cc2538dk/newlib_syscalls_default/syscalls.o
 .debug_macro   0x000000000000674c       0xb7 /doc/RIOT/tests/leds/bin/cc2538dk/newlib_syscalls_default/syscalls.o
 .debug_macro   0x0000000000006803      0x4fe /doc/RIOT/tests/leds/bin/cc2538dk/newlib_syscalls_default/syscalls.o
 .debug_macro   0x0000000000006d01       0x10 /doc/RIOT/tests/leds/bin/cc2538dk/newlib_syscalls_default/syscalls.o
 .debug_macro   0x0000000000006d11       0x10 /doc/RIOT/tests/leds/bin/cc2538dk/newlib_syscalls_default/syscalls.o
 .debug_macro   0x0000000000006d21      0x241 /doc/RIOT/tests/leds/bin/cc2538dk/newlib_syscalls_default/syscalls.o
 .debug_macro   0x0000000000006f62       0xff /doc/RIOT/tests/leds/bin/cc2538dk/newlib_syscalls_default/syscalls.o
 .debug_macro   0x0000000000007061       0x16 /doc/RIOT/tests/leds/bin/cc2538dk/newlib_syscalls_default/syscalls.o
 .debug_macro   0x0000000000007077       0x22 /doc/RIOT/tests/leds/bin/cc2538dk/newlib_syscalls_default/syscalls.o
 .debug_macro   0x0000000000007099       0x16 /doc/RIOT/tests/leds/bin/cc2538dk/newlib_syscalls_default/syscalls.o
 .debug_macro   0x00000000000070af       0x16 /doc/RIOT/tests/leds/bin/cc2538dk/newlib_syscalls_default/syscalls.o
 .debug_macro   0x00000000000070c5       0x10 /doc/RIOT/tests/leds/bin/cc2538dk/newlib_syscalls_default/syscalls.o
 .debug_macro   0x00000000000070d5       0x10 /doc/RIOT/tests/leds/bin/cc2538dk/newlib_syscalls_default/syscalls.o
 .debug_macro   0x00000000000070e5       0x2e /doc/RIOT/tests/leds/bin/cc2538dk/newlib_syscalls_default/syscalls.o
 .debug_macro   0x0000000000007113       0xf5 /doc/RIOT/tests/leds/bin/cc2538dk/newlib_syscalls_default/syscalls.o
 .debug_macro   0x0000000000007208       0x34 /doc/RIOT/tests/leds/bin/cc2538dk/newlib_syscalls_default/syscalls.o
 .debug_macro   0x000000000000723c      0x345 /doc/RIOT/tests/leds/bin/cc2538dk/core.a(sched.o)
 .debug_macro   0x0000000000007581      0xa4e /doc/RIOT/tests/leds/bin/cc2538dk/core.a(sched.o)
 .debug_macro   0x0000000000007fcf      0x16d /doc/RIOT/tests/leds/bin/cc2538dk/core.a(sched.o)
 .debug_macro   0x000000000000813c       0xc3 /doc/RIOT/tests/leds/bin/cc2538dk/core.a(sched.o)
 .debug_macro   0x00000000000081ff       0x3a /doc/RIOT/tests/leds/bin/cc2538dk/core.a(sched.o)
 .debug_macro   0x0000000000008239      0x34d /doc/RIOT/tests/leds/bin/cc2538dk/core.a(sched.o)
 .debug_macro   0x0000000000008586       0x25 /doc/RIOT/tests/leds/bin/cc2538dk/core.a(sched.o)
 .debug_macro   0x00000000000085ab       0x2e /doc/RIOT/tests/leds/bin/cc2538dk/core.a(sched.o)
 .debug_macro   0x00000000000085d9       0x1c /doc/RIOT/tests/leds/bin/cc2538dk/core.a(sched.o)
 .debug_macro   0x00000000000085f5       0x1c /doc/RIOT/tests/leds/bin/cc2538dk/core.a(sched.o)
 .debug_macro   0x0000000000008611      0x32d /doc/RIOT/tests/leds/bin/cc2538dk/cortexm_common.a(thread_arch.o)
 .debug_macro   0x000000000000893e      0xa4e /doc/RIOT/tests/leds/bin/cc2538dk/cortexm_common.a(thread_arch.o)
 .debug_macro   0x000000000000938c       0x1c /doc/RIOT/tests/leds/bin/cc2538dk/cortexm_common.a(thread_arch.o)
 .debug_macro   0x00000000000093a8      0x39b /doc/RIOT/tests/leds/bin/cc2538dk/cortexm_common.a(vectors_cortexm.o)
 .debug_macro   0x0000000000009743      0xa4e /doc/RIOT/tests/leds/bin/cc2538dk/cortexm_common.a(vectors_cortexm.o)
 .debug_macro   0x000000000000a191       0x16 /doc/RIOT/tests/leds/bin/cc2538dk/cortexm_common.a(vectors_cortexm.o)
 .debug_macro   0x000000000000a1a7      0x31d /doc/RIOT/tests/leds/bin/cc2538dk/cortexm_common.a(irq_arch.o)
 .debug_macro   0x000000000000a4c4      0xa4e /doc/RIOT/tests/leds/bin/cc2538dk/cortexm_common.a(irq_arch.o)
 .debug_macro   0x000000000000af12      0x42e /doc/RIOT/tests/leds/bin/cc2538dk/stdio_uart.a(stdio_uart.o)
 .debug_macro   0x000000000000b340      0xa4e /doc/RIOT/tests/leds/bin/cc2538dk/stdio_uart.a(stdio_uart.o)
 .debug_macro   0x000000000000bd8e      0x23b /doc/RIOT/tests/leds/bin/cc2538dk/stdio_uart.a(stdio_uart.o)
 .debug_macro   0x000000000000bfc9       0x16 /doc/RIOT/tests/leds/bin/cc2538dk/stdio_uart.a(stdio_uart.o)
 .debug_macro   0x000000000000bfdf       0x16 /doc/RIOT/tests/leds/bin/cc2538dk/stdio_uart.a(stdio_uart.o)
 .debug_macro   0x000000000000bff5       0x10 /doc/RIOT/tests/leds/bin/cc2538dk/stdio_uart.a(stdio_uart.o)
 .debug_macro   0x000000000000c005       0x16 /doc/RIOT/tests/leds/bin/cc2538dk/stdio_uart.a(stdio_uart.o)
 .debug_macro   0x000000000000c01b      0x36e /doc/RIOT/tests/leds/bin/cc2538dk/periph_common.a(pm.o)
 .debug_macro   0x000000000000c389      0xa4e /doc/RIOT/tests/leds/bin/cc2538dk/periph_common.a(pm.o)
 .debug_macro   0x000000000000cdd7      0x367 /doc/RIOT/tests/leds/bin/cc2538dk/board.a(board.o)
 .debug_macro   0x000000000000d13e      0xa4e /doc/RIOT/tests/leds/bin/cc2538dk/board.a(board.o)
 .debug_macro   0x000000000000db8c      0x377 /doc/RIOT/tests/leds/bin/cc2538dk/core.a(panic.o)
 .debug_macro   0x000000000000df03      0xa4e /doc/RIOT/tests/leds/bin/cc2538dk/core.a(panic.o)
 .debug_macro   0x000000000000e951       0x10 /doc/RIOT/tests/leds/bin/cc2538dk/core.a(panic.o)
 .debug_macro   0x000000000000e961      0x3b4 /doc/RIOT/tests/leds/bin/cc2538dk/core.a(kernel_init.o)
 .debug_macro   0x000000000000ed15      0xa4e /doc/RIOT/tests/leds/bin/cc2538dk/core.a(kernel_init.o)
 .debug_macro   0x000000000000f763       0xdc /doc/RIOT/tests/leds/bin/cc2538dk/core.a(kernel_init.o)
 .debug_macro   0x000000000000f83f      0x347 /doc/RIOT/tests/leds/bin/cc2538dk/core.a(thread.o)
 .debug_macro   0x000000000000fb86      0xa4e /doc/RIOT/tests/leds/bin/cc2538dk/core.a(thread.o)
 .debug_macro   0x00000000000105d4      0x34f /doc/RIOT/tests/leds/bin/cc2538dk/cpu.a(cpu.o)
 .debug_macro   0x0000000000010923      0xa4e /doc/RIOT/tests/leds/bin/cc2538dk/cpu.a(cpu.o)
 .debug_macro   0x0000000000011371      0x3d4 /doc/RIOT/tests/leds/bin/cc2538dk/periph.a(uart.o)
 .debug_macro   0x0000000000011745      0xa4e /doc/RIOT/tests/leds/bin/cc2538dk/periph.a(uart.o)
 .debug_macro   0x0000000000012193      0x34f /doc/RIOT/tests/leds/bin/cc2538dk/periph.a(pm.o)
 .debug_macro   0x00000000000124e2      0xa4e /doc/RIOT/tests/leds/bin/cc2538dk/periph.a(pm.o)
 .debug_macro   0x0000000000012f30      0x37d /doc/RIOT/tests/leds/bin/cc2538dk/periph.a(gpio.o)
 .debug_macro   0x00000000000132ad      0xa4e /doc/RIOT/tests/leds/bin/cc2538dk/periph.a(gpio.o)
 .debug_macro   0x0000000000013cfb       0x1a /doc/RIOT/tests/leds/bin/cc2538dk/periph_common.a(init.o)
 .debug_macro   0x0000000000013d15      0xa4e /doc/RIOT/tests/leds/bin/cc2538dk/periph_common.a(init.o)
 .debug_macro   0x0000000000014763      0x373 /doc/RIOT/tests/leds/bin/cc2538dk/application_tests_leds.a(main.o)
 .debug_macro   0x0000000000014ad6      0xa4e /doc/RIOT/tests/leds/bin/cc2538dk/application_tests_leds.a(main.o)
 .debug_macro   0x0000000000015524      0x329 /doc/RIOT/tests/leds/bin/cc2538dk/auto_init.a(auto_init.o)
 .debug_macro   0x000000000001584d      0xa4e /doc/RIOT/tests/leds/bin/cc2538dk/auto_init.a(auto_init.o)
 .debug_macro   0x000000000001629b      0x31d /doc/RIOT/tests/leds/bin/cc2538dk/cortexm_common.a(cortexm_init.o)
 .debug_macro   0x00000000000165b8      0xa4e /doc/RIOT/tests/leds/bin/cc2538dk/cortexm_common.a(cortexm_init.o)

.debug_line     0x0000000000000000     0x8586
 .debug_line    0x0000000000000000      0x6b3 /doc/RIOT/tests/leds/bin/cc2538dk/cpu/vectors.o
 .debug_line    0x00000000000006b3      0x8ef /doc/RIOT/tests/leds/bin/cc2538dk/newlib_syscalls_default/syscalls.o
 .debug_line    0x0000000000000fa2      0x6a0 /doc/RIOT/tests/leds/bin/cc2538dk/core.a(sched.o)
 .debug_line    0x0000000000001642      0x6e4 /doc/RIOT/tests/leds/bin/cc2538dk/cortexm_common.a(thread_arch.o)
 .debug_line    0x0000000000001d26      0x7ff /doc/RIOT/tests/leds/bin/cc2538dk/cortexm_common.a(vectors_cortexm.o)
 .debug_line    0x0000000000002525      0x645 /doc/RIOT/tests/leds/bin/cc2538dk/cortexm_common.a(irq_arch.o)
 .debug_line    0x0000000000002b6a      0x775 /doc/RIOT/tests/leds/bin/cc2538dk/stdio_uart.a(stdio_uart.o)
 .debug_line    0x00000000000032df      0x66f /doc/RIOT/tests/leds/bin/cc2538dk/periph_common.a(pm.o)
 .debug_line    0x000000000000394e      0x6a6 /doc/RIOT/tests/leds/bin/cc2538dk/board.a(board.o)
 .debug_line    0x0000000000003ff4      0x6a6 /doc/RIOT/tests/leds/bin/cc2538dk/core.a(panic.o)
 .debug_line    0x000000000000469a      0x6e8 /doc/RIOT/tests/leds/bin/cc2538dk/core.a(kernel_init.o)
 .debug_line    0x0000000000004d82      0x72a /doc/RIOT/tests/leds/bin/cc2538dk/core.a(thread.o)
 .debug_line    0x00000000000054ac      0x60e /doc/RIOT/tests/leds/bin/cc2538dk/cpu.a(cpu.o)
 .debug_line    0x0000000000005aba      0x796 /doc/RIOT/tests/leds/bin/cc2538dk/periph.a(uart.o)
 .debug_line    0x0000000000006250      0x660 /doc/RIOT/tests/leds/bin/cc2538dk/periph.a(pm.o)
 .debug_line    0x00000000000068b0      0x7e4 /doc/RIOT/tests/leds/bin/cc2538dk/periph.a(gpio.o)
 .debug_line    0x0000000000007094       0x94 /doc/RIOT/tests/leds/bin/cc2538dk/periph_common.a(init.o)
 .debug_line    0x0000000000007128      0x818 /doc/RIOT/tests/leds/bin/cc2538dk/application_tests_leds.a(main.o)
 .debug_line    0x0000000000007940      0x5ff /doc/RIOT/tests/leds/bin/cc2538dk/auto_init.a(auto_init.o)
 .debug_line    0x0000000000007f3f      0x647 /doc/RIOT/tests/leds/bin/cc2538dk/cortexm_common.a(cortexm_init.o)

.debug_str      0x0000000000000000    0x1ec01
 .debug_str     0x0000000000000000    0x1b042 /doc/RIOT/tests/leds/bin/cc2538dk/cpu/vectors.o
                                      0x1b3bd (size before relaxing)
 .debug_str     0x000000000001b042     0x1da7 /doc/RIOT/tests/leds/bin/cc2538dk/newlib_syscalls_default/syscalls.o
                                      0x1cdd5 (size before relaxing)
 .debug_str     0x000000000001cde9      0x34d /doc/RIOT/tests/leds/bin/cc2538dk/core.a(sched.o)
                                      0x17d4d (size before relaxing)
 .debug_str     0x000000000001d136      0x22a /doc/RIOT/tests/leds/bin/cc2538dk/cortexm_common.a(thread_arch.o)
                                      0x17b9b (size before relaxing)
 .debug_str     0x000000000001d360      0x420 /doc/RIOT/tests/leds/bin/cc2538dk/cortexm_common.a(vectors_cortexm.o)
                                      0x1b536 (size before relaxing)
 .debug_str     0x000000000001d780       0xce /doc/RIOT/tests/leds/bin/cc2538dk/cortexm_common.a(irq_arch.o)
                                      0x17a2f (size before relaxing)
 .debug_str     0x000000000001d84e      0x260 /doc/RIOT/tests/leds/bin/cc2538dk/stdio_uart.a(stdio_uart.o)
                                      0x1c7a3 (size before relaxing)
 .debug_str     0x000000000001daae       0x8d /doc/RIOT/tests/leds/bin/cc2538dk/periph_common.a(pm.o)
                                      0x1a8fe (size before relaxing)
 .debug_str     0x000000000001db3b       0xe0 /doc/RIOT/tests/leds/bin/cc2538dk/board.a(board.o)
                                      0x1b06e (size before relaxing)
 .debug_str     0x000000000001dc1b       0xa1 /doc/RIOT/tests/leds/bin/cc2538dk/core.a(panic.o)
                                      0x1aa5a (size before relaxing)
 .debug_str     0x000000000001dcbc       0xda /doc/RIOT/tests/leds/bin/cc2538dk/core.a(kernel_init.o)
                                      0x1af9c (size before relaxing)
 .debug_str     0x000000000001dd96      0x15b /doc/RIOT/tests/leds/bin/cc2538dk/core.a(thread.o)
                                      0x181a5 (size before relaxing)
 .debug_str     0x000000000001def1      0x350 /doc/RIOT/tests/leds/bin/cc2538dk/cpu.a(cpu.o)
                                      0x17d1f (size before relaxing)
 .debug_str     0x000000000001e241      0x4f9 /doc/RIOT/tests/leds/bin/cc2538dk/periph.a(uart.o)
                                      0x1bb62 (size before relaxing)
 .debug_str     0x000000000001e73a       0x4d /doc/RIOT/tests/leds/bin/cc2538dk/periph.a(pm.o)
                                      0x1a79b (size before relaxing)
 .debug_str     0x000000000001e787      0x181 /doc/RIOT/tests/leds/bin/cc2538dk/periph.a(gpio.o)
                                      0x1b099 (size before relaxing)
 .debug_str     0x000000000001e908       0x73 /doc/RIOT/tests/leds/bin/cc2538dk/periph_common.a(init.o)
                                       0x2fa7 (size before relaxing)
 .debug_str     0x000000000001e97b       0xb7 /doc/RIOT/tests/leds/bin/cc2538dk/application_tests_leds.a(main.o)
                                      0x1b0bf (size before relaxing)
 .debug_str     0x000000000001ea32       0x8a /doc/RIOT/tests/leds/bin/cc2538dk/auto_init.a(auto_init.o)
                                      0x17a93 (size before relaxing)
 .debug_str     0x000000000001eabc      0x145 /doc/RIOT/tests/leds/bin/cc2538dk/cortexm_common.a(cortexm_init.o)
                                      0x17e38 (size before relaxing)

.comment        0x0000000000000000       0x7f
 .comment       0x0000000000000000       0x7f /doc/RIOT/tests/leds/bin/cc2538dk/cpu/vectors.o
                                         0x80 (size before relaxing)
 .comment       0x000000000000007f       0x80 /doc/RIOT/tests/leds/bin/cc2538dk/newlib_syscalls_default/syscalls.o
 .comment       0x000000000000007f       0x80 /doc/RIOT/tests/leds/bin/cc2538dk/core.a(sched.o)
 .comment       0x000000000000007f       0x80 /doc/RIOT/tests/leds/bin/cc2538dk/cortexm_common.a(thread_arch.o)
 .comment       0x000000000000007f       0x80 /doc/RIOT/tests/leds/bin/cc2538dk/cortexm_common.a(vectors_cortexm.o)
 .comment       0x000000000000007f       0x80 /doc/RIOT/tests/leds/bin/cc2538dk/cortexm_common.a(irq_arch.o)
 .comment       0x000000000000007f       0x80 /doc/RIOT/tests/leds/bin/cc2538dk/stdio_uart.a(stdio_uart.o)
 .comment       0x000000000000007f       0x80 /doc/RIOT/tests/leds/bin/cc2538dk/periph_common.a(pm.o)
 .comment       0x000000000000007f       0x80 /doc/RIOT/tests/leds/bin/cc2538dk/board.a(board.o)
 .comment       0x000000000000007f       0x80 /doc/RIOT/tests/leds/bin/cc2538dk/core.a(panic.o)
 .comment       0x000000000000007f       0x80 /doc/RIOT/tests/leds/bin/cc2538dk/core.a(kernel_init.o)
 .comment       0x000000000000007f       0x80 /doc/RIOT/tests/leds/bin/cc2538dk/core.a(thread.o)
 .comment       0x000000000000007f       0x80 /doc/RIOT/tests/leds/bin/cc2538dk/cpu.a(cpu.o)
 .comment       0x000000000000007f       0x80 /doc/RIOT/tests/leds/bin/cc2538dk/periph.a(uart.o)
 .comment       0x000000000000007f       0x80 /doc/RIOT/tests/leds/bin/cc2538dk/periph.a(pm.o)
 .comment       0x000000000000007f       0x80 /doc/RIOT/tests/leds/bin/cc2538dk/periph.a(gpio.o)
 .comment       0x000000000000007f       0x80 /doc/RIOT/tests/leds/bin/cc2538dk/periph_common.a(init.o)
 .comment       0x000000000000007f       0x80 /doc/RIOT/tests/leds/bin/cc2538dk/application_tests_leds.a(main.o)
 .comment       0x000000000000007f       0x80 /doc/RIOT/tests/leds/bin/cc2538dk/auto_init.a(auto_init.o)
 .comment       0x000000000000007f       0x80 /doc/RIOT/tests/leds/bin/cc2538dk/cortexm_common.a(cortexm_init.o)

.ARM.attributes
                0x0000000000000000       0x33
 .ARM.attributes
                0x0000000000000000       0x33 /doc/RIOT/tests/leds/bin/cc2538dk/cpu/vectors.o
 .ARM.attributes
                0x0000000000000033       0x33 /doc/RIOT/tests/leds/bin/cc2538dk/newlib_syscalls_default/syscalls.o
 .ARM.attributes
                0x0000000000000066       0x33 /doc/RIOT/tests/leds/bin/cc2538dk/core.a(sched.o)
 .ARM.attributes
                0x0000000000000099       0x33 /doc/RIOT/tests/leds/bin/cc2538dk/cortexm_common.a(thread_arch.o)
 .ARM.attributes
                0x00000000000000cc       0x33 /doc/RIOT/tests/leds/bin/cc2538dk/cortexm_common.a(vectors_cortexm.o)
 .ARM.attributes
                0x00000000000000ff       0x33 /doc/RIOT/tests/leds/bin/cc2538dk/cortexm_common.a(irq_arch.o)
 .ARM.attributes
                0x0000000000000132       0x33 /doc/RIOT/tests/leds/bin/cc2538dk/stdio_uart.a(stdio_uart.o)
 .ARM.attributes
                0x0000000000000165       0x33 /doc/RIOT/tests/leds/bin/cc2538dk/periph_common.a(pm.o)
 .ARM.attributes
                0x0000000000000198       0x33 /doc/RIOT/tests/leds/bin/cc2538dk/board.a(board.o)
 .ARM.attributes
                0x00000000000001cb       0x33 /doc/RIOT/tests/leds/bin/cc2538dk/core.a(panic.o)
 .ARM.attributes
                0x00000000000001fe       0x33 /doc/RIOT/tests/leds/bin/cc2538dk/core.a(kernel_init.o)
 .ARM.attributes
                0x0000000000000231       0x33 /doc/RIOT/tests/leds/bin/cc2538dk/core.a(thread.o)
 .ARM.attributes
                0x0000000000000264       0x33 /doc/RIOT/tests/leds/bin/cc2538dk/cpu.a(cpu.o)
 .ARM.attributes
                0x0000000000000297       0x33 /doc/RIOT/tests/leds/bin/cc2538dk/periph.a(uart.o)
 .ARM.attributes
                0x00000000000002ca       0x33 /doc/RIOT/tests/leds/bin/cc2538dk/periph.a(pm.o)
 .ARM.attributes
                0x00000000000002fd       0x33 /doc/RIOT/tests/leds/bin/cc2538dk/periph.a(gpio.o)
 .ARM.attributes
                0x0000000000000330       0x33 /doc/RIOT/tests/leds/bin/cc2538dk/periph_common.a(init.o)
 .ARM.attributes
                0x0000000000000363       0x33 /doc/RIOT/tests/leds/bin/cc2538dk/application_tests_leds.a(main.o)
 .ARM.attributes
                0x0000000000000396       0x33 /doc/RIOT/tests/leds/bin/cc2538dk/auto_init.a(auto_init.o)
 .ARM.attributes
                0x00000000000003c9       0x33 /doc/RIOT/tests/leds/bin/cc2538dk/cortexm_common.a(cortexm_init.o)
 .ARM.attributes
                0x00000000000003fc       0x2d /opt/gcc-arm-none-eabi-7-2018-q2-update/bin/../lib/gcc/arm-none-eabi/7.3.1/../../../../arm-none-eabi/lib/thumb/v7-m/libc_nano.a(lib_a-impure.o)
 .ARM.attributes
                0x0000000000000429       0x2d /opt/gcc-arm-none-eabi-7-2018-q2-update/bin/../lib/gcc/arm-none-eabi/7.3.1/../../../../arm-none-eabi/lib/thumb/v7-m/libc_nano.a(lib_a-init.o)
 .ARM.attributes
                0x0000000000000456       0x2d /opt/gcc-arm-none-eabi-7-2018-q2-update/bin/../lib/gcc/arm-none-eabi/7.3.1/../../../../arm-none-eabi/lib/thumb/v7-m/libc_nano.a(lib_a-printf.o)
 .ARM.attributes
                0x0000000000000483       0x2d /opt/gcc-arm-none-eabi-7-2018-q2-update/bin/../lib/gcc/arm-none-eabi/7.3.1/../../../../arm-none-eabi/lib/thumb/v7-m/libc_nano.a(lib_a-puts.o)
 .ARM.attributes
                0x00000000000004b0       0x2d /opt/gcc-arm-none-eabi-7-2018-q2-update/bin/../lib/gcc/arm-none-eabi/7.3.1/../../../../arm-none-eabi/lib/thumb/v7-m/libc_nano.a(lib_a-wbuf.o)
 .ARM.attributes
                0x00000000000004dd       0x2d /opt/gcc-arm-none-eabi-7-2018-q2-update/bin/../lib/gcc/arm-none-eabi/7.3.1/../../../../arm-none-eabi/lib/thumb/v7-m/libc_nano.a(lib_a-wsetup.o)
 .ARM.attributes
                0x000000000000050a       0x2d /opt/gcc-arm-none-eabi-7-2018-q2-update/bin/../lib/gcc/arm-none-eabi/7.3.1/../../../../arm-none-eabi/lib/thumb/v7-m/libc_nano.a(lib_a-fflush.o)
 .ARM.attributes
                0x0000000000000537       0x2d /opt/gcc-arm-none-eabi-7-2018-q2-update/bin/../lib/gcc/arm-none-eabi/7.3.1/../../../../arm-none-eabi/lib/thumb/v7-m/libc_nano.a(lib_a-findfp.o)
 .ARM.attributes
                0x0000000000000564       0x2d /opt/gcc-arm-none-eabi-7-2018-q2-update/bin/../lib/gcc/arm-none-eabi/7.3.1/../../../../arm-none-eabi/lib/thumb/v7-m/libc_nano.a(lib_a-fwalk.o)
 .ARM.attributes
                0x0000000000000591       0x2d /opt/gcc-arm-none-eabi-7-2018-q2-update/bin/../lib/gcc/arm-none-eabi/7.3.1/../../../../arm-none-eabi/lib/thumb/v7-m/libc_nano.a(lib_a-makebuf.o)
 .ARM.attributes
                0x00000000000005be       0x2d /opt/gcc-arm-none-eabi-7-2018-q2-update/bin/../lib/gcc/arm-none-eabi/7.3.1/../../../../arm-none-eabi/lib/thumb/v7-m/libc_nano.a(lib_a-memset.o)
 .ARM.attributes
                0x00000000000005eb       0x2d /opt/gcc-arm-none-eabi-7-2018-q2-update/bin/../lib/gcc/arm-none-eabi/7.3.1/../../../../arm-none-eabi/lib/thumb/v7-m/libc_nano.a(lib_a-nano-freer.o)
 .ARM.attributes
                0x0000000000000618       0x2d /opt/gcc-arm-none-eabi-7-2018-q2-update/bin/../lib/gcc/arm-none-eabi/7.3.1/../../../../arm-none-eabi/lib/thumb/v7-m/libc_nano.a(lib_a-nano-mallocr.o)
 .ARM.attributes
                0x0000000000000645       0x2d /opt/gcc-arm-none-eabi-7-2018-q2-update/bin/../lib/gcc/arm-none-eabi/7.3.1/../../../../arm-none-eabi/lib/thumb/v7-m/libc_nano.a(lib_a-nano-vfprintf.o)
 .ARM.attributes
                0x0000000000000672       0x2d /opt/gcc-arm-none-eabi-7-2018-q2-update/bin/../lib/gcc/arm-none-eabi/7.3.1/../../../../arm-none-eabi/lib/thumb/v7-m/libc_nano.a(lib_a-nano-vfprintf_i.o)
 .ARM.attributes
                0x000000000000069f       0x2d /opt/gcc-arm-none-eabi-7-2018-q2-update/bin/../lib/gcc/arm-none-eabi/7.3.1/../../../../arm-none-eabi/lib/thumb/v7-m/libc_nano.a(lib_a-stdio.o)
 .ARM.attributes
                0x00000000000006cc       0x2d /opt/gcc-arm-none-eabi-7-2018-q2-update/bin/../lib/gcc/arm-none-eabi/7.3.1/../../../../arm-none-eabi/lib/thumb/v7-m/libc_nano.a(lib_a-memchr-stub.o)
 .ARM.attributes
                0x00000000000006f9       0x2d /opt/gcc-arm-none-eabi-7-2018-q2-update/bin/../lib/gcc/arm-none-eabi/7.3.1/../../../../arm-none-eabi/lib/thumb/v7-m/libc_nano.a(lib_a-mlock.o)

.debug_frame    0x0000000000000000      0xe94
 .debug_frame   0x0000000000000000       0x20 /doc/RIOT/tests/leds/bin/cc2538dk/cpu/vectors.o
 .debug_frame   0x0000000000000020      0x16c /doc/RIOT/tests/leds/bin/cc2538dk/newlib_syscalls_default/syscalls.o
 .debug_frame   0x000000000000018c       0x78 /doc/RIOT/tests/leds/bin/cc2538dk/core.a(sched.o)
 .debug_frame   0x0000000000000204       0xbc /doc/RIOT/tests/leds/bin/cc2538dk/cortexm_common.a(thread_arch.o)
 .debug_frame   0x00000000000002c0      0x118 /doc/RIOT/tests/leds/bin/cc2538dk/cortexm_common.a(vectors_cortexm.o)
 .debug_frame   0x00000000000003d8       0x50 /doc/RIOT/tests/leds/bin/cc2538dk/cortexm_common.a(irq_arch.o)
 .debug_frame   0x0000000000000428       0x48 /doc/RIOT/tests/leds/bin/cc2538dk/stdio_uart.a(stdio_uart.o)
 .debug_frame   0x0000000000000470       0x28 /doc/RIOT/tests/leds/bin/cc2538dk/periph_common.a(pm.o)
 .debug_frame   0x0000000000000498       0x2c /doc/RIOT/tests/leds/bin/cc2538dk/board.a(board.o)
 .debug_frame   0x00000000000004c4       0x38 /doc/RIOT/tests/leds/bin/cc2538dk/core.a(panic.o)
 .debug_frame   0x00000000000004fc       0x58 /doc/RIOT/tests/leds/bin/cc2538dk/core.a(kernel_init.o)
 .debug_frame   0x0000000000000554      0x100 /doc/RIOT/tests/leds/bin/cc2538dk/core.a(thread.o)
 .debug_frame   0x0000000000000654       0x2c /doc/RIOT/tests/leds/bin/cc2538dk/cpu.a(cpu.o)
 .debug_frame   0x0000000000000680       0x9c /doc/RIOT/tests/leds/bin/cc2538dk/periph.a(uart.o)
 .debug_frame   0x000000000000071c       0x20 /doc/RIOT/tests/leds/bin/cc2538dk/periph.a(pm.o)
 .debug_frame   0x000000000000073c       0xc0 /doc/RIOT/tests/leds/bin/cc2538dk/periph.a(gpio.o)
 .debug_frame   0x00000000000007fc       0x20 /doc/RIOT/tests/leds/bin/cc2538dk/periph_common.a(init.o)
 .debug_frame   0x000000000000081c       0x38 /doc/RIOT/tests/leds/bin/cc2538dk/application_tests_leds.a(main.o)
 .debug_frame   0x0000000000000854       0x20 /doc/RIOT/tests/leds/bin/cc2538dk/auto_init.a(auto_init.o)
 .debug_frame   0x0000000000000874       0x38 /doc/RIOT/tests/leds/bin/cc2538dk/cortexm_common.a(cortexm_init.o)
 .debug_frame   0x00000000000008ac       0x2c /opt/gcc-arm-none-eabi-7-2018-q2-update/bin/../lib/gcc/arm-none-eabi/7.3.1/../../../../arm-none-eabi/lib/thumb/v7-m/libc_nano.a(lib_a-init.o)
 .debug_frame   0x00000000000008d8       0x74 /opt/gcc-arm-none-eabi-7-2018-q2-update/bin/../lib/gcc/arm-none-eabi/7.3.1/../../../../arm-none-eabi/lib/thumb/v7-m/libc_nano.a(lib_a-printf.o)
 .debug_frame   0x000000000000094c       0x3c /opt/gcc-arm-none-eabi-7-2018-q2-update/bin/../lib/gcc/arm-none-eabi/7.3.1/../../../../arm-none-eabi/lib/thumb/v7-m/libc_nano.a(lib_a-puts.o)
 .debug_frame   0x0000000000000988       0x40 /opt/gcc-arm-none-eabi-7-2018-q2-update/bin/../lib/gcc/arm-none-eabi/7.3.1/../../../../arm-none-eabi/lib/thumb/v7-m/libc_nano.a(lib_a-wbuf.o)
 .debug_frame   0x00000000000009c8       0x2c /opt/gcc-arm-none-eabi-7-2018-q2-update/bin/../lib/gcc/arm-none-eabi/7.3.1/../../../../arm-none-eabi/lib/thumb/v7-m/libc_nano.a(lib_a-wsetup.o)
 .debug_frame   0x00000000000009f4       0x68 /opt/gcc-arm-none-eabi-7-2018-q2-update/bin/../lib/gcc/arm-none-eabi/7.3.1/../../../../arm-none-eabi/lib/thumb/v7-m/libc_nano.a(lib_a-fflush.o)
 .debug_frame   0x0000000000000a5c      0x11c /opt/gcc-arm-none-eabi-7-2018-q2-update/bin/../lib/gcc/arm-none-eabi/7.3.1/../../../../arm-none-eabi/lib/thumb/v7-m/libc_nano.a(lib_a-findfp.o)
 .debug_frame   0x0000000000000b78       0x54 /opt/gcc-arm-none-eabi-7-2018-q2-update/bin/../lib/gcc/arm-none-eabi/7.3.1/../../../../arm-none-eabi/lib/thumb/v7-m/libc_nano.a(lib_a-fwalk.o)
 .debug_frame   0x0000000000000bcc       0x58 /opt/gcc-arm-none-eabi-7-2018-q2-update/bin/../lib/gcc/arm-none-eabi/7.3.1/../../../../arm-none-eabi/lib/thumb/v7-m/libc_nano.a(lib_a-makebuf.o)
 .debug_frame   0x0000000000000c24       0x20 /opt/gcc-arm-none-eabi-7-2018-q2-update/bin/../lib/gcc/arm-none-eabi/7.3.1/../../../../arm-none-eabi/lib/thumb/v7-m/libc_nano.a(lib_a-memset.o)
 .debug_frame   0x0000000000000c44       0x38 /opt/gcc-arm-none-eabi-7-2018-q2-update/bin/../lib/gcc/arm-none-eabi/7.3.1/../../../../arm-none-eabi/lib/thumb/v7-m/libc_nano.a(lib_a-nano-freer.o)
 .debug_frame   0x0000000000000c7c       0x2c /opt/gcc-arm-none-eabi-7-2018-q2-update/bin/../lib/gcc/arm-none-eabi/7.3.1/../../../../arm-none-eabi/lib/thumb/v7-m/libc_nano.a(lib_a-nano-mallocr.o)
 .debug_frame   0x0000000000000ca8       0xac /opt/gcc-arm-none-eabi-7-2018-q2-update/bin/../lib/gcc/arm-none-eabi/7.3.1/../../../../arm-none-eabi/lib/thumb/v7-m/libc_nano.a(lib_a-nano-vfprintf.o)
 .debug_frame   0x0000000000000d54       0x60 /opt/gcc-arm-none-eabi-7-2018-q2-update/bin/../lib/gcc/arm-none-eabi/7.3.1/../../../../arm-none-eabi/lib/thumb/v7-m/libc_nano.a(lib_a-nano-vfprintf_i.o)
 .debug_frame   0x0000000000000db4       0x88 /opt/gcc-arm-none-eabi-7-2018-q2-update/bin/../lib/gcc/arm-none-eabi/7.3.1/../../../../arm-none-eabi/lib/thumb/v7-m/libc_nano.a(lib_a-stdio.o)
 .debug_frame   0x0000000000000e3c       0x28 /opt/gcc-arm-none-eabi-7-2018-q2-update/bin/../lib/gcc/arm-none-eabi/7.3.1/../../../../arm-none-eabi/lib/thumb/v7-m/libc_nano.a(lib_a-memchr-stub.o)
 .debug_frame   0x0000000000000e64       0x30 /opt/gcc-arm-none-eabi-7-2018-q2-update/bin/../lib/gcc/arm-none-eabi/7.3.1/../../../../arm-none-eabi/lib/thumb/v7-m/libc_nano.a(lib_a-mlock.o)

.debug_loc      0x0000000000000000     0x16e6
 .debug_loc     0x0000000000000000      0x3b8 /doc/RIOT/tests/leds/bin/cc2538dk/newlib_syscalls_default/syscalls.o
 .debug_loc     0x00000000000003b8      0x185 /doc/RIOT/tests/leds/bin/cc2538dk/core.a(sched.o)
 .debug_loc     0x000000000000053d      0x1ba /doc/RIOT/tests/leds/bin/cc2538dk/cortexm_common.a(thread_arch.o)
 .debug_loc     0x00000000000006f7      0x29f /doc/RIOT/tests/leds/bin/cc2538dk/cortexm_common.a(vectors_cortexm.o)
 .debug_loc     0x0000000000000996       0x13 /doc/RIOT/tests/leds/bin/cc2538dk/cortexm_common.a(irq_arch.o)
 .debug_loc     0x00000000000009a9       0x76 /doc/RIOT/tests/leds/bin/cc2538dk/stdio_uart.a(stdio_uart.o)
 .debug_loc     0x0000000000000a1f       0x52 /doc/RIOT/tests/leds/bin/cc2538dk/core.a(panic.o)
 .debug_loc     0x0000000000000a71       0x42 /doc/RIOT/tests/leds/bin/cc2538dk/core.a(kernel_init.o)
 .debug_loc     0x0000000000000ab3      0x4ec /doc/RIOT/tests/leds/bin/cc2538dk/core.a(thread.o)
 .debug_loc     0x0000000000000f9f      0x29c /doc/RIOT/tests/leds/bin/cc2538dk/periph.a(uart.o)
 .debug_loc     0x000000000000123b      0x341 /doc/RIOT/tests/leds/bin/cc2538dk/periph.a(gpio.o)
 .debug_loc     0x000000000000157c       0x57 /doc/RIOT/tests/leds/bin/cc2538dk/application_tests_leds.a(main.o)
 .debug_loc     0x00000000000015d3      0x113 /doc/RIOT/tests/leds/bin/cc2538dk/cortexm_common.a(cortexm_init.o)
